[backblue.gif]
[fade.gif]
[index.html]
[localhost/drch/wp-content/plugins/wp-polls/images/default_gradient/pollbg.gif]
[localhost/drch/feed/index.html]
[localhost/drch/comments/feed/index.html]
[localhost/drch/wp-includes/js/jquery/jqueryb8ff.js]
[localhost/drch/wp-includes/js/jquery/jquery-migrate.min330a.js]
[localhost/drch/wp-content/themes/cherry/assets/js/jquery.flexslider-min55fe.js]
[localhost/drch/wp-content/themes/cherry/assets/js/jquery.fitvids55fe.js]
[localhost/drch/wp-content/themes/cherry/assets/js/jquery.easing.1.355fe.js]
[localhost/drch/xmlrpc0db0.php]
[localhost/drch/wp-includes/wlwmanifest.xml]
[localhost/drch/wp-json/index.html]
[localhost/drch/wp-content/themes/cherry/images/pattern/light/17.png]
[localhost/drch/wp-content/themes/cherry/favicon.ico]
[localhost/drch/wp-content/uploads/2018/04/LogoNewSite-01-1.png]
[localhost/drch/wp-content/uploads/2018/04/sidebanner-01.png]
[localhost/drch/wp-content/uploads/2018/04/8221-8221-27-1-2013-L_SHgqHhw84-480x350.jpg]
[localhost/drch/wp-content/uploads/2018/04/t3Eh91fLdiU-480x350.jpg]
[localhost/drch/wp-content/uploads/2018/04/8211-5-5-2013-Gxnyqv1iQ1I-480x350.jpg]
[localhost/drch/wp-content/uploads/2018/04/23-10-2012-hhsS-3blXtQ-480x350.jpg]
[localhost/drch/wp-content/uploads/2018/04/im545be5bOI-480x350.jpg]
[localhost/drch/wp-content/uploads/2018/04/8211-8211-5-5-2013-2B_UX8j5ulk-480x350.jpg]
[localhost/drch/wp-content/uploads/2018/04/8211-8211-31-3-2013-oVKdWVAi44M-480x350.jpg]
[localhost/drch/wp-content/uploads/2018/04/t3Eh91fLdiU-265x150.jpg]
[localhost/drch/wp-content/uploads/2018/04/10687145_720137531355225_2224204649388554509_n-317x150.jpg]
[localhost/drch/wp-content/themes/cherry/assets/images/spacer.gif]
[localhost/drch/wp-content/uploads/2018/04/10406345_720137501355228_98745735164518784_n-55x55.jpg]
[localhost/drch/wp-content/uploads/2018/04/10647076_720137741355204_2021437409676576151_n-55x55.jpg]
[localhost/drch/wp-content/uploads/2018/04/10650063_720137554688556_3604228551700062961_n-55x55.jpg]
[localhost/drch/wp-content/uploads/2018/04/10406345_720137501355228_98745735164518784_n-1-55x55.jpg]
[localhost/drch/wp-content/uploads/2018/04/WP_728x90-1.png]
[localhost/drch/wp-content/uploads/2018/04/10687145_720137531355225_2224204649388554509_n-415x233.jpg]
[localhost/drch/wp-content/uploads/2018/04/8221-8221-27-1-2013-L_SHgqHhw84-138x111.jpg]
[localhost/drch/wp-content/uploads/2018/04/t3Eh91fLdiU-138x111.jpg]
[localhost/drch/wp-content/uploads/2018/04/8211-5-5-2013-Gxnyqv1iQ1I-138x111.jpg]
[localhost/drch/wp-content/uploads/2018/04/23-10-2012-hhsS-3blXtQ-138x111.jpg]
[localhost/drch/wp-content/uploads/2018/04/im545be5bOI-138x111.jpg]
[localhost/drch/wp-content/uploads/2018/04/8211-8211-5-5-2013-2B_UX8j5ulk-138x111.jpg]
[localhost/drch/wp-content/uploads/2018/04/8211-8211-31-3-2013-oVKdWVAi44M-138x111.jpg]
[localhost/drch/wp-content/uploads/2018/04/WP_300x250.png]
[localhost/drch/wp-content/uploads/2018/04/10687145_720137531355225_2224204649388554509_n-55x55.jpg]
[localhost/drch/wp-content/plugins/wp-polls/images/loading.gif]
[localhost/drch/wp-content/plugins/contact-form-7/includes/js/scripts972f.js]
[localhost/drch/wp-content/plugins/wp-polls/polls-jsbdc8.js]
[localhost/drch/wp-content/themes/cherry/assets/js/modernizr55fe.js]
[localhost/drch/wp-content/themes/cherry/assets/js/jquery.prettyPhoto55fe.js]
[localhost/drch/wp-content/themes/cherry/assets/js/jquery.cycle.all.min55fe.js]
[localhost/drch/wp-content/themes/cherry/assets/js/custom55fe.js]
[localhost/drch/wp-content/themes/cherry/assets/js/jquery.hoverIntent.minified55fe.js]
[localhost/drch/wp-content/themes/cherry/assets/js/jquery.placeholder55fe.js]
[localhost/drch/wp-content/themes/cherry/assets/js/cherry-scripts55fe.js]
[localhost/drch/wp-includes/js/wp-embed.min55fe.js]
[localhost/drch/index.html]
[localhost/drch/xmlrpc.php]
[localhost/drch/wp-content/plugins/contact-form-7/images/ajax-loader.gif]
[localhost/drch/wp-content/plugins/contact-form-7/includes/css/styles972f.css]
[localhost/drch/wp-content/plugins/contact-form-7/includes/css/styles-rtl972f.css]
[localhost/drch/wp-content/plugins/wp-polls/polls-cssbdc8.css]
[localhost/drch/wp-content/plugins/wp-polls/polls-css-rtlbdc8.css]
[localhost/drch/wp-content/themes/cherry/assets/images/arrow_totop.png]
[localhost/drch/wp-content/themes/cherry/assets/images/bg/bg_1.jpg]
[localhost/drch/wp-content/themes/cherry/assets/images/search-button.png]
[localhost/drch/wp-content/themes/cherry/assets/images/nav-bg.png]
[localhost/drch/wp-content/themes/cherry/assets/images/theme-switcher.png]
[localhost/drch/wp-content/themes/cherry/admin/assets/images/pattern_thumb/bg1.png]
[localhost/drch/wp-content/themes/cherry/admin/assets/images/pattern_thumb/bg2.png]
[localhost/drch/wp-content/themes/cherry/admin/assets/images/pattern_thumb/pattern_1.png]
[localhost/drch/wp-content/themes/cherry/admin/assets/images/pattern_thumb/pattern_2.png]
[localhost/drch/wp-content/themes/cherry/admin/assets/images/pattern_thumb/pattern_3.png]
[localhost/drch/wp-content/themes/cherry/admin/assets/images/pattern_thumb/pattern_4.png]
[localhost/drch/wp-content/themes/cherry/admin/assets/images/pattern_thumb/pattern_5.png]
[localhost/drch/wp-content/themes/cherry/admin/assets/images/pattern_thumb/pattern_6.png]
[localhost/drch/wp-content/themes/cherry/admin/assets/images/pattern_thumb/pattern_7.png]
[localhost/drch/wp-content/themes/cherry/admin/assets/images/pattern_thumb/pattern_8.png]
[localhost/drch/wp-content/themes/cherry/admin/assets/images/pattern_thumb/pattern_9.png]
[localhost/drch/wp-content/themes/cherry/admin/assets/images/pattern_thumb/pattern_10.png]
[localhost/drch/wp-content/themes/cherry/admin/assets/images/pattern_thumb/pattern_11.png]
[localhost/drch/wp-content/themes/cherry/admin/assets/images/pattern_thumb/pattern_12.png]
[localhost/drch/wp-content/themes/cherry/admin/assets/images/pattern_thumb/pattern_13.png]
[localhost/drch/wp-content/themes/cherry/admin/assets/images/pattern_thumb/pattern_14.png]
[localhost/drch/wp-content/themes/cherry/admin/assets/images/pattern_thumb/pattern_15.png]
[localhost/drch/wp-content/themes/cherry/admin/assets/images/pattern_thumb/pattern_16.png]
[localhost/drch/wp-content/themes/cherry/assets/images/social_icons/youtube.png]
[localhost/drch/wp-content/themes/cherry/assets/images/social_icons/twitter.png]
[localhost/drch/wp-content/themes/cherry/assets/images/social_icons/rss.png]
[localhost/drch/wp-content/themes/cherry/assets/images/social_icons/pinterest.png]
[localhost/drch/wp-content/themes/cherry/assets/images/social_icons/googleplus.png]
[localhost/drch/wp-content/themes/cherry/assets/images/social_icons/flickr.png]
[localhost/drch/wp-content/themes/cherry/assets/images/social_icons/facebook.png]
[localhost/drch/wp-content/themes/cherry/assets/images/social_icons/dribble.png]
[localhost/drch/wp-content/themes/cherry/assets/images/social_icons/behance.png]
[localhost/drch/wp-content/themes/cherry/assets/images/social_icons/reddit.png]
[localhost/drch/wp-content/themes/cherry/assets/images/social_icons/myspace.png]
[localhost/drch/wp-content/themes/cherry/assets/images/social_icons/skype.png]
[localhost/drch/wp-content/themes/cherry/assets/images/social_icons/deviantart.png]
[localhost/drch/wp-content/themes/cherry/assets/images/social_icons/blogger.png]
[localhost/drch/wp-content/themes/cherry/assets/images/social_icons/tumblr.png]
[localhost/drch/wp-content/themes/cherry/assets/images/social_icons/vimeo.png]
[localhost/drch/wp-content/themes/cherry/assets/images/social_icons/instagram.png]
[localhost/drch/wp-content/themes/cherry/assets/images/social_icons/foursquare.png]
[localhost/drch/wp-content/themes/cherry/assets/images/social_icons/envato.png]
[localhost/drch/wp-content/themes/cherry/assets/images/social_icons/linkedin.png]
[localhost/drch/wp-content/themes/cherry/assets/images/social_icons/digg.png]
[localhost/drch/wp-content/themes/cherry/assets/images/line.png]
[localhost/drch/wp-content/themes/cherry/assets/images/slider_author_link.png]
[localhost/drch/wp-content/themes/cherry/assets/images/slider_date.png]
[localhost/drch/wp-content/themes/cherry/assets/images/bg-2.png]
[localhost/drch/wp-content/themes/cherry/assets/images/social-counters.png]
[localhost/drch/wp-content/themes/cherry/assets/images/bg/bg_8.png]
[localhost/drch/wp-content/themes/cherry/assets/images/1_arrow.png]
[localhost/drch/wp-content/themes/cherry/assets/images/comment_counter.png]
[localhost/drch/wp-content/themes/cherry/assets/images/slider_dots.png]
[localhost/drch/wp-content/themes/cherry/assets/images/author_link.png]
[localhost/drch/wp-content/themes/cherry/assets/images/post_date.png]
[localhost/drch/wp-content/themes/cherry/assets/images/bg-title.png]
[localhost/drch/wp-content/themes/cherry/assets/images/stars.png]
[localhost/drch/wp-content/themes/cherry/assets/images/small_icon_comment.png]
[localhost/drch/wp-content/themes/cherry/assets/images/dot.png]
[localhost/drch/wp-content/themes/cherry/assets/images/star_16.png]
[localhost/drch/wp-content/themes/cherry/assets/images/check_16.png]
[localhost/drch/wp-content/themes/cherry/assets/images/r_1.png]
[localhost/drch/wp-content/themes/cherry/assets/images/info_48.png]
[localhost/drch/wp-content/themes/cherry/assets/images/check_box_48.png]
[localhost/drch/wp-content/themes/cherry/assets/images/warning_48.png]
[localhost/drch/wp-content/themes/cherry/assets/images/cancel_box_48.png]
[localhost/drch/wp-content/themes/cherry/assets/images/arrow_down_box_48.png]
[localhost/drch/wp-content/themes/cherry/assets/images/clipboard_48.png]
[localhost/drch/wp-content/themes/cherry/assets/images/prev.png]
[localhost/drch/wp-content/themes/cherry/assets/images/next.png]
[localhost/drch/wp-content/themes/cherry/assets/images/pp-slider.png]
[localhost/drch/wp-content/themes/cherry/assets/images/bg-10.png]
[localhost/drch/wp-content/themes/cherry/assets/images/2_arrow.png]
[localhost/drch/wp-content/themes/cherry/assets/images/pp-arrow-right.png]
[localhost/drch/wp-content/themes/cherry/assets/images/pp-arrow-left.png]
[localhost/drch/wp-content/themes/cherry/assets/images/article-icon/standard.png]
[localhost/drch/wp-content/themes/cherry/assets/images/article-icon/aside.png]
[localhost/drch/wp-content/themes/cherry/assets/images/article-icon/gallery.png]
[localhost/drch/wp-content/themes/cherry/assets/images/article-icon/image.png]
[localhost/drch/wp-content/themes/cherry/assets/images/article-icon/link.png]
[localhost/drch/wp-content/themes/cherry/assets/images/article-icon/quote.png]
[localhost/drch/wp-content/themes/cherry/assets/images/article-icon/video.png]
[localhost/drch/wp-content/themes/cherry/assets/images/article-icon/audio.png]
[localhost/drch/wp-content/themes/cherry/assets/images/cat-rss.png]
[localhost/drch/wp-content/themes/cherry/assets/images/next2.png]
[localhost/drch/wp-content/themes/cherry/assets/images/prev2.png]
[localhost/drch/wp-content/themes/cherry/assets/images/twitter_icon.png]
[localhost/drch/wp-content/themes/cherry/assets/images/plus.png]
[localhost/drch/wp-content/themes/cherry/shortcode/images/list/star.png]
[localhost/drch/wp-content/themes/cherry/shortcode/images/list/yes.png]
[localhost/drch/wp-content/themes/cherry/shortcode/images/list/no.png]
[localhost/drch/wp-content/themes/cherry/shortcode/images/notification/mark.png]
[localhost/drch/wp-content/themes/cherry/shortcode/images/notification/error.png]
[localhost/drch/wp-content/themes/cherry/shortcode/images/notification/warning.png]
[localhost/drch/wp-content/themes/cherry/shortcode/images/notification/info.png]
[localhost/drch/wp-content/themes/cherry/images/stars.png]
[localhost/drch/wp-content/themes/cherry/images/star-sprite-small.png]
[localhost/drch/wp-content/themes/cherry/images/prettyPhoto/default/sprite.png]
[localhost/drch/wp-content/themes/cherry/images/prettyPhoto/default/sprite_x.png]
[localhost/drch/wp-content/themes/cherry/images/prettyPhoto/default/sprite_y.png]
[localhost/drch/wp-content/themes/cherry/images/prettyPhoto/default/sprite_next.png]
[localhost/drch/wp-content/themes/cherry/images/prettyPhoto/default/sprite_prev.png]
[localhost/drch/wp-content/themes/cherry/images/prettyPhoto/default/default_thumb.png]
[localhost/drch/wp-content/themes/cherry/images/prettyPhoto/default/loader.gif]
[localhost/drch/wp-content/themes/cherry/images/prettyPhoto/light_rounded/sprite.png]
[localhost/drch/wp-content/themes/cherry/images/prettyPhoto/light_rounded/btnNext.png]
[localhost/drch/wp-content/themes/cherry/images/prettyPhoto/light_rounded/btnPrevious.png]
[localhost/drch/wp-content/themes/cherry/images/prettyPhoto/dark_rounded/sprite.png]
[localhost/drch/wp-content/themes/cherry/images/prettyPhoto/dark_rounded/contentPattern.png]
[localhost/drch/wp-content/themes/cherry/images/prettyPhoto/dark_rounded/btnNext.png]
[localhost/drch/wp-content/themes/cherry/images/prettyPhoto/dark_rounded/btnPrevious.png]
[localhost/drch/wp-content/themes/cherry/images/prettyPhoto/dark_rounded/loader.gif]
[localhost/drch/wp-content/themes/cherry/images/prettyPhoto/dark_square/loader.gif]
[localhost/drch/wp-content/themes/cherry/images/prettyPhoto/dark_square/sprite.png]
[localhost/drch/wp-content/themes/cherry/images/prettyPhoto/dark_square/btnNext.png]
[localhost/drch/wp-content/themes/cherry/images/prettyPhoto/dark_square/btnPrevious.png]
[localhost/drch/wp-content/themes/cherry/images/prettyPhoto/light_square/sprite.png]
[localhost/drch/wp-content/themes/cherry/images/prettyPhoto/light_square/btnNext.png]
[localhost/drch/wp-content/themes/cherry/images/prettyPhoto/light_square/btnPrevious.png]
[localhost/drch/wp-content/themes/cherry/images/prettyPhoto/facebook/sprite.png]
[localhost/drch/wp-content/themes/cherry/images/prettyPhoto/facebook/contentPatternTop.png]
[localhost/drch/wp-content/themes/cherry/images/prettyPhoto/facebook/contentPatternLeft.png]
[localhost/drch/wp-content/themes/cherry/images/prettyPhoto/facebook/contentPatternRight.png]
[localhost/drch/wp-content/themes/cherry/images/prettyPhoto/facebook/loader.gif]
[localhost/drch/wp-content/themes/cherry/images/prettyPhoto/facebook/btnNext.png]
[localhost/drch/wp-content/themes/cherry/images/prettyPhoto/facebook/btnPrevious.png]
[localhost/drch/wp-content/themes/cherry/images/prettyPhoto/facebook/contentPatternBottom.png]
[localhost/drch/wp-content/themes/cherry/images/prettyPhoto/facebook/default_thumbnail.gif]
[localhost/drch/wp-content/themes/cherry/images/prettyPhoto/light_rounded/loader.gif]
[localhost/drch/wp-content/themes/cherry/style.css]
[localhost/drch/wp-content/themes/cherry/assets/fonts/font-awesome/fonts/fontawesome-webfonte0a5.eot]
[localhost/drch/wp-content/themes/cherry/assets/fonts/font-awesome/fonts/fontawesome-webfontd41d.eot]
[localhost/drch/wp-content/themes/cherry/assets/fonts/font-awesome/fonts/fontawesome-webfonte0a5.woff2]
[localhost/drch/wp-content/themes/cherry/assets/fonts/font-awesome/fonts/fontawesome-webfonte0a5.woff]
[localhost/drch/wp-content/themes/cherry/assets/fonts/font-awesome/fonts/fontawesome-webfonte0a5.ttf]
[localhost/drch/wp-content/themes/cherry/assets/fonts/font-awesome/css/font-awesome.min55fe.css]
[localhost/drch/wp-content/themes/cherry/assets/fonts/fontello/font/fontellodfd5.eot]
[localhost/drch/wp-content/themes/cherry/assets/fonts/fontello/font/fontellodfd5.woff]
[localhost/drch/wp-content/themes/cherry/assets/fonts/fontello/font/fontellodfd5.ttf]
[localhost/drch/wp-content/themes/cherry/assets/fonts/fontello/css/fontello55fe.css]
[localhost/drch/wp-content/themes/cherry/assets/css/responsive55fe.css]
[localhost/drch/wp-content/themes/cherry/assets/fonts/ge-ss-med.eot]
[localhost/drch/wp-content/themes/cherry/rtl.css]
[localhost/drch/wp-content/themes/cherry/index.html]
[localhost/drch/wp-content/themes/cherry/assets/images/blue.png]
[localhost/drch/wp-content/themes/cherry/assets/images/colors/blue/search-button.png]
[localhost/drch/wp-content/themes/cherry/assets/images/colors/blue/slider_dots.png]
[localhost/drch/wp-content/themes/cherry/assets/css/blue.css]
[localhost/drch/wp-content/uploads/2018/04/t3Eh91fLdiU-158x158.jpg]
[platform.twitter.com/widgets.js]
[platform.linkedin.com/in.js]
[assets.pinterest.com/js/pinit.js]
[localhost/drch/category/د-عليوة-فى-سطور/feed/index.html]
[assets.pinterest.com/images/PinExt.png]
[localhost/drch/category/د-عليوة-فى-سطور/index.html]
[localhost/drch/wp-json/oembed/1.0/embeda631.json]
[localhost/drch/wp-json/oembed/1.0/embed0334]
[localhost/drch/دليل-المواقع/index.html]
[localhost/drch/wp-json/oembed/1.0/embed7f26.json]
[localhost/drch/wp-json/oembed/1.0/embed58e4]
[localhost/drch/من-نحن/index.html]
[localhost/drch/wp-content/uploads/2018/04/10687145_720137531355225_2224204649388554509_n-158x158.jpg]
[localhost/drch/category/خدمات-عيادة-د-خالد-عليوة/feed/index.html]
[localhost/drch/wp-content/uploads/2018/04/10406345_720137501355228_98745735164518784_n-158x158.jpg]
[localhost/drch/wp-content/uploads/2018/04/10647076_720137741355204_2021437409676576151_n-158x158.jpg]
[localhost/drch/wp-content/uploads/2018/04/10650063_720137554688556_3604228551700062961_n-158x158.jpg]
[localhost/drch/wp-content/uploads/2018/04/10406345_720137501355228_98745735164518784_n-1-158x158.jpg]
[localhost/drch/category/خدمات-عيادة-د-خالد-عليوة/index.html]
[localhost/drch/category/ضعف-خصوبة-الرجال/feed/index.html]
[localhost/drch/category/ضعف-خصوبة-الرجال/index.html]
[localhost/drch/category/الجراحات-التناسلية/feed/index.html]
[localhost/drch/category/الجراحات-التناسلية/index.html]
[localhost/drch/category/منظومة-د-عليوة-للطب-الجنسي-والصحة-التن/feed/index.html]
[localhost/drch/category/منظومة-د-عليوة-للطب-الجنسي-والصحة-التن/index.html]
[localhost/drch/category/الصحة-والثقافة-الزوجية/feed/index.html]
[localhost/drch/category/الصحة-والثقافة-الزوجية/index.html]
[localhost/drch/category/الدعم-النفسي-والروحى/feed/index.html]
[localhost/drch/category/الدعم-النفسي-والروحى/index.html]
[localhost/drch/category/شارك-فى-البحث-العلمى/feed/index.html]
[localhost/drch/category/شارك-فى-البحث-العلمى/index.html]
[localhost/drch/wp-content/uploads/2018/04/8221-8221-27-1-2013-L_SHgqHhw84-158x158.jpg]
[localhost/drch/category/مكتبة-الفيديو-والبرامج-التليفزيونية/feed/index.html]
[localhost/drch/wp-content/uploads/2018/04/8211-5-5-2013-Gxnyqv1iQ1I-158x158.jpg]
[localhost/drch/wp-content/uploads/2018/04/23-10-2012-hhsS-3blXtQ-158x158.jpg]
[localhost/drch/wp-content/uploads/2018/04/im545be5bOI-158x158.jpg]
[localhost/drch/wp-content/uploads/2018/04/8211-8211-5-5-2013-2B_UX8j5ulk-158x158.jpg]
[localhost/drch/wp-content/uploads/2018/04/8211-8211-31-3-2013-oVKdWVAi44M-158x158.jpg]
[localhost/drch/category/مكتبة-الفيديو-والبرامج-التليفزيونية/index.html]
[localhost/drch/category/متجر-الكتب-والاسطوانات/feed/index.html]
[localhost/drch/category/متجر-الكتب-والاسطوانات/index.html]
[localhost/drch/category/دورات-ومحاضرات-طبية/feed/index.html]
[localhost/drch/category/دورات-ومحاضرات-طبية/index.html]
[localhost/drch/category/دورات-عبر-الإنترنت/feed/index.html]
[localhost/drch/category/دورات-عبر-الإنترنت/index.html]
[localhost/drch/2018/04/18/اختم-أعمالك-بالإستغفار-والدعاء-،الله/feed/index.html]
[localhost/drch/wp-json/oembed/1.0/embed5c86.json]
[localhost/drch/wp-json/oembed/1.0/embed0360]
[apis.google.com/js/plusone.js]
[localhost/drch/wp-includes/js/comment-reply.min55fe.js]
[localhost/drch/2018/04/18/اختم-أعمالك-بالإستغفار-والدعاء-،الله/index.html]
[localhost/drch/2018/04/18/تقيد-بالسنه-الصحيحه/feed/index.html]
[localhost/drch/wp-json/oembed/1.0/embedf8c5.json]
[localhost/drch/wp-json/oembed/1.0/embedd023]
[localhost/drch/2018/04/18/تقيد-بالسنه-الصحيحه/index.html]
[localhost/drch/2018/04/18/أبدأ-أعمالك-باستحضار-قلبك-ونيتك-بسم-ال/feed/index.html]
[localhost/drch/wp-json/oembed/1.0/embed282e.json]
[localhost/drch/wp-json/oembed/1.0/embedbaa5]
[localhost/drch/2018/04/18/أبدأ-أعمالك-باستحضار-قلبك-ونيتك-بسم-ال/index.html]
[localhost/drch/2018/04/18/عياده-الرحمه-د-خالد-حمدى-قوانين-الانج/feed/index.html]
[localhost/drch/wp-json/oembed/1.0/embed9f27.json]
[localhost/drch/wp-json/oembed/1.0/embed50b4]
[localhost/drch/wp-content/uploads/2018/04/t3Eh91fLdiU-67x67.jpg]
[localhost/drch/wp-content/uploads/2018/04/8211-5-5-2013-Gxnyqv1iQ1I-67x67.jpg]
[localhost/drch/wp-content/uploads/2018/04/23-10-2012-hhsS-3blXtQ-67x67.jpg]
[localhost/drch/wp-content/uploads/2018/04/im545be5bOI-67x67.jpg]
[localhost/drch/2018/04/18/عياده-الرحمه-د-خالد-حمدى-قوانين-الانج/index.html]
[localhost/drch/2018/04/18/عيادة-الرحمة-الجديد-فى-علاج-عقم-الرجال/feed/index.html]
[localhost/drch/wp-json/oembed/1.0/embed83fc.json]
[localhost/drch/wp-json/oembed/1.0/embed0049]
[localhost/drch/wp-content/uploads/2018/04/8221-8221-27-1-2013-L_SHgqHhw84-67x67.jpg]
[localhost/drch/2018/04/18/عيادة-الرحمة-الجديد-فى-علاج-عقم-الرجال/index.html]
[localhost/drch/wp-json/oembed/1.0/embedea0c.json]
[localhost/drch/2018/04/18/عيادة-الرحمة-عقم-الرجال-د-خالد-حمدى-عل/feed/index.html]
[localhost/drch/wp-json/oembed/1.0/embed250f]
[localhost/drch/2018/04/18/عيادة-الرحمة-عقم-الرجال-د-خالد-حمدى-عل/index.html]
[localhost/drch/wp-json/oembed/1.0/embed8413.json]
[localhost/drch/2018/04/18/عيادة-الرحمة-للدكتور-خالد-حمدي-عليوة-23-10/feed/index.html]
[localhost/drch/wp-json/oembed/1.0/embedbd0d]
[localhost/drch/2018/04/18/عيادة-الرحمة-للدكتور-خالد-حمدي-عليوة-23-10/index.html]
[localhost/drch/2018/04/18/برنامج-آدم-حلقة-د-خالد-حمدي-عليوه/feed/index.html]
[localhost/drch/wp-json/oembed/1.0/embed9773.json]
[localhost/drch/wp-json/oembed/1.0/embed116a]
[localhost/drch/2018/04/18/برنامج-آدم-حلقة-د-خالد-حمدي-عليوه/index.html]
[localhost/drch/wp-json/oembed/1.0/embedfb11.json]
[localhost/drch/2018/04/18/عيادة-الرحمة-عقم-الرجال-دكتور-خالد-حم/feed/index.html]
[localhost/drch/wp-json/oembed/1.0/embede7b4]
[localhost/drch/2018/04/18/عيادة-الرحمة-عقم-الرجال-دكتور-خالد-حم/index.html]
[localhost/drch/2018/04/18/5356-عيادة-الرحمة-عقم-الرجال-دكتور-خالد-ح/feed/index.html]
[localhost/drch/wp-json/oembed/1.0/embed9428.json]
[localhost/drch/wp-json/oembed/1.0/embed7599]
[localhost/drch/2018/04/18/5356-عيادة-الرحمة-عقم-الرجال-دكتور-خالد-ح/index.html]
[localhost/drch/2018/04/26/د-عليوة-فى-سطور/feed/index.html]
[localhost/drch/wp-json/oembed/1.0/embeda6af.json]
[localhost/drch/wp-json/oembed/1.0/embed65b9]
[localhost/drch/wp-content/uploads/2018/04/t3Eh91fLdiU.jpg]
[localhost/drch/2018/04/26/د-عليوة-فى-سطور/index.html]
[localhost/drch/author/moderator/feed/index.html]
[localhost/drch/author/moderator/index.html]
[localhost/drch/2018/04/18/لمّ-بأيدي-المحيط-الخارجية-كل-تشكيل-ضمن-4/feed/index.html]
[localhost/drch/wp-json/oembed/1.0/embed098a.json]
[localhost/drch/wp-json/oembed/1.0/embedeaa5]
[localhost/drch/wp-content/uploads/2018/04/10406345_720137501355228_98745735164518784_n-67x67.jpg]
[localhost/drch/wp-content/uploads/2018/04/10647076_720137741355204_2021437409676576151_n-67x67.jpg]
[localhost/drch/wp-content/uploads/2018/04/10650063_720137554688556_3604228551700062961_n-67x67.jpg]
[localhost/drch/wp-content/uploads/2018/04/10406345_720137501355228_98745735164518784_n-1-67x67.jpg]
[localhost/drch/2018/04/18/لمّ-بأيدي-المحيط-الخارجية-كل-تشكيل-ضمن-4/index.html]
[localhost/drch/wp-json/oembed/1.0/embeda069.json]
[localhost/drch/2018/04/18/ل-جُل-جنوب-تسمّى-مدينة-ومضى-عُقر-التار-4/feed/index.html]
[localhost/drch/wp-json/oembed/1.0/embeda359]
[localhost/drch/wp-content/uploads/2018/04/10687145_720137531355225_2224204649388554509_n-67x67.jpg]
[localhost/drch/2018/04/18/ل-جُل-جنوب-تسمّى-مدينة-ومضى-عُقر-التار-4/index.html]
[localhost/drch/wp-json/oembed/1.0/embed1656.json]
[localhost/drch/2018/04/18/للصين-الآخر-لم-حتى-ذات-وفرنسا-انتصارهم-4/feed/index.html]
[localhost/drch/wp-json/oembed/1.0/embed1fcc]
[localhost/drch/2018/04/18/للصين-الآخر-لم-حتى-ذات-وفرنسا-انتصارهم-4/index.html]
[localhost/drch/wp-json/oembed/1.0/embed714f.json]
[localhost/drch/2018/04/18/من-كلّ-أمام-بالجانب-به،-أساسي-الفرنسية-4/feed/index.html]
[localhost/drch/wp-json/oembed/1.0/embedaa12]
[localhost/drch/2018/04/18/من-كلّ-أمام-بالجانب-به،-أساسي-الفرنسية-4/index.html]
[localhost/drch/2018/04/18/الطريق-والمانيا-حول-إذ-أسيا-بشرية-غير-4/feed/index.html]
[localhost/drch/wp-json/oembed/1.0/embed3b06.json]
[localhost/drch/wp-json/oembed/1.0/embed6181]
[localhost/drch/2018/04/18/الطريق-والمانيا-حول-إذ-أسيا-بشرية-غير-4/index.html]
[localhost/drch/refaaeenet.html]
[localhost/drch/refaaee.html]
[localhost/drch/123academy.html]
[localhost/drch/wp-json/oembed/1.0/embedacfd.json]
[localhost/drch/wp-json/oembed/1.0/embed877a]
[localhost/drch/خريطة-الموقع/index.html]
[localhost/drch/category/الأهداف/feed/index.html]
[localhost/drch/category/الأهداف/index.html]
[localhost/drch/category/المبادىء-والضوابط/feed/index.html]
[localhost/drch/category/المبادىء-والضوابط/index.html]
[localhost/drch/category/شروط-الإستخدام/feed/index.html]
[localhost/drch/category/شروط-الإستخدام/index.html]
[localhost/drch/category/الخصوصية/feed/index.html]
[localhost/drch/category/الخصوصية/index.html]
[localhost/drch/category/إنضم-لفريق-العمل/feed/index.html]
[localhost/drch/category/إنضم-لفريق-العمل/index.html]
[localhost/drch/category/خدمات-عيادة-د-خالد-عليوة/العناوين-خريطة-المكان/feed/index.html]
[localhost/drch/category/خدمات-عيادة-د-خالد-عليوة/العناوين-خريطة-المكان/index.html]
[localhost/drch/category/خدمات-عيادة-د-خالد-عليوة/مواعيد-العمل/feed/index.html]
[localhost/drch/category/خدمات-عيادة-د-خالد-عليوة/مواعيد-العمل/index.html]
[localhost/drch/category/دورات-طبية/feed/index.html]
[localhost/drch/category/دورات-طبية/index.html]
[localhost/drch/category/دورات-طبية/دورات-خاصة-للمرضى/feed/index.html]
[localhost/drch/category/دورات-طبية/دورات-خاصة-للمرضى/index.html]
[localhost/drch/category/دورات-طبية/دورات-للأصحاء/feed/index.html]
[localhost/drch/category/دورات-طبية/دورات-للأصحاء/index.html]
[localhost/drch/category/دورات-طبية/دورات-الزواج/feed/index.html]
[localhost/drch/category/دورات-طبية/دورات-الزواج/index.html]
[localhost/drch/category/دورات-طبية/دورات-اونلاين/feed/index.html]
[localhost/drch/category/دورات-طبية/دورات-اونلاين/index.html]
[localhost/drch/category/إستشارات-وفحوصات-الزواج/feed/index.html]
[localhost/drch/category/إستشارات-وفحوصات-الزواج/index.html]
[localhost/drch/category/إستشارات-وفحوصات-الزواج/إستشير-د-عليوة-مباشرة/feed/index.html]
[localhost/drch/category/إستشارات-وفحوصات-الزواج/إستشير-د-عليوة-مباشرة/index.html]
[localhost/drch/category/إستشارات-وفحوصات-الزواج/إستشارت-مدفوعة-عبر-الهاتف-أو-سكايب/feed/index.html]
[localhost/drch/category/إستشارات-وفحوصات-الزواج/إستشارت-مدفوعة-عبر-الهاتف-أو-سكايب/index.html]
[localhost/drch/category/إستشارات-مجانية/feed/index.html]
[localhost/drch/category/إستشارات-مجانية/index.html]
[localhost/drch/category/الدورات-العلمية-والطبية/feed/index.html]
[localhost/drch/category/الدورات-العلمية-والطبية/index.html]
[localhost/drch/category/صحح-مفاهيمك/feed/index.html]
[localhost/drch/category/صحح-مفاهيمك/index.html]
[localhost/drch/category/التربية-والثقافة-الزوجية/feed/index.html]
[localhost/drch/category/التربية-والثقافة-الزوجية/index.html]
[localhost/drch/category/فحوصات-الزواج/feed/index.html]
[localhost/drch/category/فحوصات-الزواج/index.html]
[localhost/drch/category/اللياقات-العشر/feed/index.html]
[localhost/drch/category/اللياقات-العشر/index.html]
[localhost/drch/category/اللياقات-العشر/اللياقة-الجسدية/feed/index.html]
[localhost/drch/category/اللياقات-العشر/اللياقة-الجسدية/index.html]
[localhost/drch/category/اللياقات-العشر/اللياقة-العقلية/feed/index.html]
[localhost/drch/category/اللياقات-العشر/اللياقة-العقلية/index.html]
[localhost/drch/category/اللياقات-العشر/اللياقة-النفسية/feed/index.html]
[localhost/drch/category/اللياقات-العشر/اللياقة-النفسية/index.html]
[localhost/drch/category/اللياقات-العشر/اللياقة-الروحية/feed/index.html]
[localhost/drch/category/اللياقات-العشر/اللياقة-الروحية/index.html]
[localhost/drch/category/اللياقات-العشر/اللياقة-الأسرية/feed/index.html]
[localhost/drch/category/اللياقات-العشر/اللياقة-الأسرية/index.html]
[localhost/drch/category/اللياقات-العشر/اللياقة-الإجتماعية/feed/index.html]
[localhost/drch/category/اللياقات-العشر/اللياقة-الإجتماعية/index.html]
[localhost/drch/category/اللياقات-العشر/اللياقة-الإقتصادية/feed/index.html]
[localhost/drch/category/اللياقات-العشر/اللياقة-الإقتصادية/index.html]
[localhost/drch/category/اللياقات-العشر/اللياقة-السياسية/feed/index.html]
[localhost/drch/category/اللياقات-العشر/اللياقة-السياسية/index.html]
[localhost/drch/category/اللياقات-العشر/اللياقة-الزوجية/feed/index.html]
[localhost/drch/category/اللياقات-العشر/اللياقة-الزوجية/index.html]
[localhost/drch/category/اللياقات-العشر/اللياقة-الجنسية/feed/index.html]
[localhost/drch/category/اللياقات-العشر/اللياقة-الجنسية/index.html]
[localhost/drch/category/الزواج-الناجح/feed/index.html]
[localhost/drch/category/الزواج-الناجح/index.html]
[localhost/drch/category/مراكز-دار-المشورة-الزوجية/feed/index.html]
[localhost/drch/category/مراكز-دار-المشورة-الزوجية/index.html]
[localhost/drch/category/مراكز-دار-المشورة-الزوجية/مستشارك-الطبي/feed/index.html]
[localhost/drch/category/مراكز-دار-المشورة-الزوجية/مستشارك-الطبي/index.html]
[localhost/drch/category/مراكز-دار-المشورة-الزوجية/مستشارك-الشرعى/feed/index.html]
[localhost/drch/category/مراكز-دار-المشورة-الزوجية/مستشارك-الشرعى/index.html]
[localhost/drch/category/مراكز-دار-المشورة-الزوجية/مستشارك-النفسي/feed/index.html]
[localhost/drch/category/مراكز-دار-المشورة-الزوجية/مستشارك-النفسي/index.html]
[localhost/drch/category/مراكز-دار-المشورة-الزوجية/مستشارك-القانونى/feed/index.html]
[localhost/drch/category/مراكز-دار-المشورة-الزوجية/مستشارك-القانونى/index.html]
[localhost/drch/category/للأطباء-والصيادلة/feed/index.html]
[localhost/drch/category/للأطباء-والصيادلة/index.html]
[localhost/drch/category/مقالات-طبية-وشرعية-أسبوعي/feed/index.html]
[localhost/drch/category/مقالات-طبية-وشرعية-أسبوعي/index.html]
[localhost/drch/category/مواقع-هامة/feed/index.html]
[localhost/drch/category/مواقع-هامة/index.html]
[localhost/drch/category/وظائف/feed/index.html]
[localhost/drch/category/وظائف/index.html]
[localhost/drch/category/منظومة-د-عليوة-للوقاية/feed/index.html]
[localhost/drch/category/منظومة-د-عليوة-للوقاية/index.html]
[localhost/drch/category/حصون-الوقاية/feed/index.html]
[localhost/drch/category/حصون-الوقاية/index.html]
[localhost/drch/category/حصون-الوقاية/علم-الجنس-الوقائى/feed/index.html]
[localhost/drch/category/حصون-الوقاية/علم-الجنس-الوقائى/index.html]
[localhost/drch/category/حصون-الوقاية/البيئة-والصحة-التناسلية/feed/index.html]
[localhost/drch/category/حصون-الوقاية/البيئة-والصحة-التناسلية/index.html]
[localhost/drch/category/حصون-الوقاية/مأساة-خارج-الحصن/feed/index.html]
[localhost/drch/category/حصون-الوقاية/مأساة-خارج-الحصن/index.html]
[localhost/drch/category/حصون-الوقاية/مشروع-الرعاية-الوقائية/feed/index.html]
[localhost/drch/category/حصون-الوقاية/مشروع-الرعاية-الوقائية/index.html]
[localhost/drch/category/منظومة-د-عليوة-للعلاج/feed/index.html]
[localhost/drch/category/منظومة-د-عليوة-للعلاج/index.html]
[localhost/drch/category/منظومة-د-عليوة-للعلاج/العلاج-الدوائى/feed/index.html]
[localhost/drch/category/منظومة-د-عليوة-للعلاج/العلاج-الدوائى/index.html]
[localhost/drch/category/منظومة-د-عليوة-للعلاج/العلاج-بالتعليم/feed/index.html]
[localhost/drch/category/منظومة-د-عليوة-للعلاج/العلاج-بالتعليم/index.html]
[localhost/drch/category/منظومة-د-عليوة-للعلاج/العلاج-الوقائى/feed/index.html]
[localhost/drch/category/منظومة-د-عليوة-للعلاج/العلاج-الوقائى/index.html]
[localhost/drch/category/منظومة-د-عليوة-للعلاج/العلاج-السلوكى/feed/index.html]
[localhost/drch/category/منظومة-د-عليوة-للعلاج/العلاج-السلوكى/index.html]
[localhost/drch/category/منظومة-د-عليوة-للعلاج/العلاج-بزيادة-الإيمان/feed/index.html]
[localhost/drch/category/منظومة-د-عليوة-للعلاج/العلاج-بزيادة-الإيمان/index.html]
[localhost/drch/category/منظومة-د-عليوة-للعلاج/العلاج-بالدعاء-والرقية/feed/index.html]
[localhost/drch/category/منظومة-د-عليوة-للعلاج/العلاج-بالدعاء-والرقية/index.html]
[localhost/drch/category/منظومة-د-عليوة-للعلاج/العلاج-الزوجى/feed/index.html]
[localhost/drch/category/منظومة-د-عليوة-للعلاج/العلاج-الزوجى/index.html]
[localhost/drch/category/منظومة-د-عليوة-للعلاج/العلاج-الجنسي/feed/index.html]
[localhost/drch/category/منظومة-د-عليوة-للعلاج/العلاج-الجنسي/index.html]
[localhost/drch/category/منظومة-د-عليوة-للعلاج/العلاج-النفسي/feed/index.html]
[localhost/drch/category/منظومة-د-عليوة-للعلاج/العلاج-النفسي/index.html]
[localhost/drch/category/منظومة-د-عليوة-للعلاج/العلاج-الجراحى/feed/index.html]
[localhost/drch/category/منظومة-د-عليوة-للعلاج/العلاج-الجراحى/index.html]
[localhost/drch/category/جراحات-الخصية-والحبل-المنوى-والدوالى/feed/index.html]
[localhost/drch/category/جراحات-الخصية-والحبل-المنوى-والدوالى/index.html]
[localhost/drch/category/زراعة-الأجهزة-التعويضية/feed/index.html]
[localhost/drch/category/زراعة-الأجهزة-التعويضية/index.html]
[localhost/drch/category/علاج-تأخر-الحمل-وضعف-الخصوبة/feed/index.html]
[localhost/drch/category/علاج-تأخر-الحمل-وضعف-الخصوبة/index.html]
[localhost/drch/category/الإخصاب-المساعد/feed/index.html]
[localhost/drch/category/الإخصاب-المساعد/index.html]
[localhost/drch/category/قسم-الدعم-الروحى-منهاج-الفطرة/feed/index.html]
[localhost/drch/category/قسم-الدعم-الروحى-منهاج-الفطرة/index.html]
[localhost/drch/category/جوهر-الإسلام-والأديان/feed/index.html]
[localhost/drch/category/جوهر-الإسلام-والأديان/index.html]
[localhost/drch/category/جوهر-الإسلام-والأديان/الإخلاص/feed/index.html]
[localhost/drch/category/جوهر-الإسلام-والأديان/الإخلاص/index.html]
[localhost/drch/category/جوهر-الإسلام-والأديان/القلب-السليم/feed/index.html]
[localhost/drch/category/جوهر-الإسلام-والأديان/القلب-السليم/index.html]
[localhost/drch/category/جوهر-الإسلام-والأديان/الصلاة-الخاشعة/feed/index.html]
[localhost/drch/category/جوهر-الإسلام-والأديان/الصلاة-الخاشعة/index.html]
[localhost/drch/category/جوهر-الإسلام-والأديان/حفظ-اللسان/feed/index.html]
[localhost/drch/category/جوهر-الإسلام-والأديان/حفظ-اللسان/index.html]
[localhost/drch/category/جوهر-الإسلام-والأديان/حسن-الخلق/feed/index.html]
[localhost/drch/category/جوهر-الإسلام-والأديان/حسن-الخلق/index.html]
[localhost/drch/category/العلم-قبل-القول-والعمل/feed/index.html]
[localhost/drch/category/العلم-قبل-القول-والعمل/index.html]
[localhost/drch/category/العلم-قبل-القول-والعمل/تدبر-القرأن/feed/index.html]
[localhost/drch/category/العلم-قبل-القول-والعمل/تدبر-القرأن/index.html]
[localhost/drch/category/العلم-قبل-القول-والعمل/صحيح-السنة/feed/index.html]
[localhost/drch/category/العلم-قبل-القول-والعمل/صحيح-السنة/index.html]
[localhost/drch/category/العلم-قبل-القول-والعمل/عقيدة/feed/index.html]
[localhost/drch/category/العلم-قبل-القول-والعمل/عقيدة/index.html]
[localhost/drch/category/العلم-قبل-القول-والعمل/فقه/feed/index.html]
[localhost/drch/category/العلم-قبل-القول-والعمل/فقه/index.html]
[localhost/drch/category/العلم-قبل-القول-والعمل/أداب-ومعاملات/feed/index.html]
[localhost/drch/category/العلم-قبل-القول-والعمل/أداب-ومعاملات/index.html]
[localhost/drch/category/العلم-قبل-القول-والعمل/قصص-وسير/feed/index.html]
[localhost/drch/category/العلم-قبل-القول-والعمل/قصص-وسير/index.html]
[localhost/drch/category/العلم-قبل-القول-والعمل/إدارة-وتخطيط/feed/index.html]
[localhost/drch/category/العلم-قبل-القول-والعمل/إدارة-وتخطيط/index.html]
[localhost/drch/category/العلم-قبل-القول-والعمل/خمسة-x-خمسة/feed/index.html]
[localhost/drch/category/العلم-قبل-القول-والعمل/خمسة-x-خمسة/index.html]
[localhost/drch/category/العلم-قبل-القول-والعمل/عبقرية-العبادة/feed/index.html]
[localhost/drch/category/العلم-قبل-القول-والعمل/عبقرية-العبادة/index.html]
[localhost/drch/category/العلم-قبل-القول-والعمل/لماذا-نحن-مسلمون-؟/feed/index.html]
[localhost/drch/category/العلم-قبل-القول-والعمل/لماذا-نحن-مسلمون-؟/index.html]
[localhost/drch/category/أناشيد/feed/index.html]
[localhost/drch/category/أناشيد/index.html]
[localhost/drch/category/إحترف-الكمبيوتر/feed/index.html]
[localhost/drch/category/إحترف-الكمبيوتر/index.html]
[localhost/drch/category/تعلم-اللغات/feed/index.html]
[localhost/drch/category/تعلم-اللغات/index.html]
[localhost/drch/wp-content/themes/cherry/assets/fonts/font-awesome/fonts/fontawesome-webfonte0a5.svg]
[localhost/drch/wp-content/themes/cherry/assets/fonts/fontello/font/fontellodfd5.svg]
[pinterest.com/pin/create/button/index2bac.html]
[localhost/drch/category/د-عليوة-فى-سطور/refaaeenet.html]
[localhost/drch/category/د-عليوة-فى-سطور/refaaee.html]
[localhost/drch/category/د-عليوة-فى-سطور/123academy.html]
[localhost/drch/index0345.html]
[localhost/drch/دليل-المواقع/refaaeenet.html]
[localhost/drch/دليل-المواقع/refaaee.html]
[localhost/drch/دليل-المواقع/123academy.html]
[localhost/drch/index2cf9.html]
[localhost/drch/من-نحن/refaaeenet.html]
[localhost/drch/من-نحن/refaaee.html]
[localhost/drch/من-نحن/123academy.html]
[pinterest.com/pin/create/button/indexf1b4.html]
[pinterest.com/pin/create/button/index4e57.html]
[pinterest.com/pin/create/button/index9897.html]
[pinterest.com/pin/create/button/index9710.html]
[pinterest.com/pin/create/button/index1d9e.html]
[localhost/drch/2018/04/18/لمّ-بأيدي-المحيط-الخارجية-كل-تشكيل-ضمن-3/feed/index.html]
[localhost/drch/wp-json/oembed/1.0/embeda677.json]
[localhost/drch/wp-json/oembed/1.0/embed327a]
[localhost/drch/2018/04/18/لمّ-بأيدي-المحيط-الخارجية-كل-تشكيل-ضمن-3/index.html]
[pinterest.com/pin/create/button/index8036.html]
[localhost/drch/2018/04/18/ل-جُل-جنوب-تسمّى-مدينة-ومضى-عُقر-التار-3/feed/index.html]
[localhost/drch/wp-json/oembed/1.0/embeddb55.json]
[localhost/drch/wp-json/oembed/1.0/embedfc10]
[localhost/drch/2018/04/18/ل-جُل-جنوب-تسمّى-مدينة-ومضى-عُقر-التار-3/index.html]
[pinterest.com/pin/create/button/index7563.html]
[localhost/drch/2018/04/18/للصين-الآخر-لم-حتى-ذات-وفرنسا-انتصارهم-3/feed/index.html]
[localhost/drch/wp-json/oembed/1.0/embed25b4.json]
[localhost/drch/wp-json/oembed/1.0/embed080b]
[localhost/drch/2018/04/18/للصين-الآخر-لم-حتى-ذات-وفرنسا-انتصارهم-3/index.html]
[pinterest.com/pin/create/button/index8fc7.html]
[localhost/drch/wp-json/oembed/1.0/embedf763.json]
[localhost/drch/2018/04/18/من-كلّ-أمام-بالجانب-به،-أساسي-الفرنسية-3/feed/index.html]
[localhost/drch/wp-json/oembed/1.0/embed7014]
[localhost/drch/2018/04/18/من-كلّ-أمام-بالجانب-به،-أساسي-الفرنسية-3/index.html]
[pinterest.com/pin/create/button/index7e3a.html]
[localhost/drch/2018/04/18/الطريق-والمانيا-حول-إذ-أسيا-بشرية-غير-3/feed/index.html]
[localhost/drch/wp-json/oembed/1.0/embedab02.json]
[localhost/drch/wp-json/oembed/1.0/embed33aa]
[localhost/drch/2018/04/18/الطريق-والمانيا-حول-إذ-أسيا-بشرية-غير-3/index.html]
[pinterest.com/pin/create/button/indexab90.html]
[localhost/drch/category/خدمات-عيادة-د-خالد-عليوة/page/2/index.html]
[localhost/drch/category/خدمات-عيادة-د-خالد-عليوة/refaaeenet.html]
[localhost/drch/category/خدمات-عيادة-د-خالد-عليوة/refaaee.html]
[localhost/drch/category/خدمات-عيادة-د-خالد-عليوة/123academy.html]
[localhost/drch/category/ضعف-خصوبة-الرجال/page/2/index.html]
[localhost/drch/category/ضعف-خصوبة-الرجال/refaaeenet.html]
[localhost/drch/category/ضعف-خصوبة-الرجال/refaaee.html]
[localhost/drch/category/ضعف-خصوبة-الرجال/123academy.html]
[localhost/drch/category/الجراحات-التناسلية/page/2/index.html]
[localhost/drch/category/الجراحات-التناسلية/refaaeenet.html]
[localhost/drch/category/الجراحات-التناسلية/refaaee.html]
[localhost/drch/category/الجراحات-التناسلية/123academy.html]
[localhost/drch/category/منظومة-د-عليوة-للطب-الجنسي-والصحة-التن/page/2/index.html]
[localhost/drch/category/منظومة-د-عليوة-للطب-الجنسي-والصحة-التن/refaaeenet.html]
[localhost/drch/category/منظومة-د-عليوة-للطب-الجنسي-والصحة-التن/refaaee.html]
[localhost/drch/category/منظومة-د-عليوة-للطب-الجنسي-والصحة-التن/123academy.html]
[localhost/drch/category/الصحة-والثقافة-الزوجية/page/2/index.html]
[localhost/drch/category/الصحة-والثقافة-الزوجية/refaaeenet.html]
[localhost/drch/category/الصحة-والثقافة-الزوجية/refaaee.html]
[localhost/drch/category/الصحة-والثقافة-الزوجية/123academy.html]
[localhost/drch/category/الدعم-النفسي-والروحى/page/2/index.html]
[localhost/drch/category/الدعم-النفسي-والروحى/refaaeenet.html]
[localhost/drch/category/الدعم-النفسي-والروحى/refaaee.html]
[localhost/drch/category/الدعم-النفسي-والروحى/123academy.html]
[localhost/drch/category/شارك-فى-البحث-العلمى/page/2/index.html]
[localhost/drch/category/شارك-فى-البحث-العلمى/refaaeenet.html]
[localhost/drch/category/شارك-فى-البحث-العلمى/refaaee.html]
[localhost/drch/category/شارك-فى-البحث-العلمى/123academy.html]
[pinterest.com/pin/create/button/index4463.html]
[pinterest.com/pin/create/button/index57a2.html]
[pinterest.com/pin/create/button/index5f6c.html]
[pinterest.com/pin/create/button/indexce8e.html]
[pinterest.com/pin/create/button/index0503.html]
[pinterest.com/pin/create/button/index4e9c.html]
[pinterest.com/pin/create/button/index5dab.html]
[localhost/drch/category/مكتبة-الفيديو-والبرامج-التليفزيونية/refaaeenet.html]
[localhost/drch/category/مكتبة-الفيديو-والبرامج-التليفزيونية/refaaee.html]
[localhost/drch/category/مكتبة-الفيديو-والبرامج-التليفزيونية/123academy.html]
[localhost/drch/category/متجر-الكتب-والاسطوانات/page/2/index.html]
[localhost/drch/category/متجر-الكتب-والاسطوانات/refaaeenet.html]
[localhost/drch/category/متجر-الكتب-والاسطوانات/refaaee.html]
[localhost/drch/category/متجر-الكتب-والاسطوانات/123academy.html]
[localhost/drch/category/دورات-ومحاضرات-طبية/page/2/index.html]
[localhost/drch/category/دورات-ومحاضرات-طبية/refaaeenet.html]
[localhost/drch/category/دورات-ومحاضرات-طبية/refaaee.html]
[localhost/drch/category/دورات-ومحاضرات-طبية/123academy.html]
[localhost/drch/category/دورات-عبر-الإنترنت/page/2/index.html]
[localhost/drch/category/دورات-عبر-الإنترنت/refaaeenet.html]
[localhost/drch/category/دورات-عبر-الإنترنت/refaaee.html]
[localhost/drch/category/دورات-عبر-الإنترنت/123academy.html]
[localhost/drch/indexd52d.html]
[localhost/drch/category/كلمات/feed/index.html]
[localhost/drch/category/كلمات/index.html]
[localhost/drch/2018/04/18/اختم-أعمالك-بالإستغفار-والدعاء-،الله/refaaeenet.html]
[localhost/drch/2018/04/18/اختم-أعمالك-بالإستغفار-والدعاء-،الله/refaaee.html]
[localhost/drch/2018/04/18/اختم-أعمالك-بالإستغفار-والدعاء-،الله/123academy.html]
[localhost/drch/index1c00.html]
[localhost/drch/2018/04/18/تقيد-بالسنه-الصحيحه/refaaeenet.html]
[localhost/drch/2018/04/18/تقيد-بالسنه-الصحيحه/refaaee.html]
[localhost/drch/2018/04/18/تقيد-بالسنه-الصحيحه/123academy.html]
[localhost/drch/index9751.html]
[localhost/drch/2018/04/18/أبدأ-أعمالك-باستحضار-قلبك-ونيتك-بسم-ال/refaaeenet.html]
[localhost/drch/2018/04/18/أبدأ-أعمالك-باستحضار-قلبك-ونيتك-بسم-ال/refaaee.html]
[localhost/drch/2018/04/18/أبدأ-أعمالك-باستحضار-قلبك-ونيتك-بسم-ال/123academy.html]
[localhost/drch/indexb8c4.html]
[localhost/drch/2018/04/18/عياده-الرحمه-د-خالد-حمدى-قوانين-الانج/refaaeenet.html]
[localhost/drch/2018/04/18/عياده-الرحمه-د-خالد-حمدى-قوانين-الانج/refaaee.html]
[localhost/drch/2018/04/18/عياده-الرحمه-د-خالد-حمدى-قوانين-الانج/123academy.html]
[localhost/drch/index2c90.html]
[localhost/drch/2018/04/18/عيادة-الرحمة-الجديد-فى-علاج-عقم-الرجال/refaaeenet.html]
[localhost/drch/2018/04/18/عيادة-الرحمة-الجديد-فى-علاج-عقم-الرجال/refaaee.html]
[localhost/drch/2018/04/18/عيادة-الرحمة-الجديد-فى-علاج-عقم-الرجال/123academy.html]
[localhost/drch/index8320.html]
[localhost/drch/2018/04/18/عيادة-الرحمة-عقم-الرجال-د-خالد-حمدى-عل/refaaeenet.html]
[localhost/drch/2018/04/18/عيادة-الرحمة-عقم-الرجال-د-خالد-حمدى-عل/refaaee.html]
[localhost/drch/2018/04/18/عيادة-الرحمة-عقم-الرجال-د-خالد-حمدى-عل/123academy.html]
[localhost/drch/index30a5.html]
[localhost/drch/2018/04/18/عيادة-الرحمة-للدكتور-خالد-حمدي-عليوة-23-10/refaaeenet.html]
[localhost/drch/2018/04/18/عيادة-الرحمة-للدكتور-خالد-حمدي-عليوة-23-10/refaaee.html]
[localhost/drch/2018/04/18/عيادة-الرحمة-للدكتور-خالد-حمدي-عليوة-23-10/123academy.html]
[localhost/drch/indexbbbb.html]
[localhost/drch/2018/04/18/برنامج-آدم-حلقة-د-خالد-حمدي-عليوه/refaaeenet.html]
[localhost/drch/2018/04/18/برنامج-آدم-حلقة-د-خالد-حمدي-عليوه/refaaee.html]
[localhost/drch/2018/04/18/برنامج-آدم-حلقة-د-خالد-حمدي-عليوه/123academy.html]
[localhost/drch/indexea0f.html]
[localhost/drch/2018/04/18/عيادة-الرحمة-عقم-الرجال-دكتور-خالد-حم/refaaeenet.html]
[localhost/drch/2018/04/18/عيادة-الرحمة-عقم-الرجال-دكتور-خالد-حم/refaaee.html]
[localhost/drch/2018/04/18/عيادة-الرحمة-عقم-الرجال-دكتور-خالد-حم/123academy.html]
[localhost/drch/indexb190.html]
[localhost/drch/2018/04/18/5356-عيادة-الرحمة-عقم-الرجال-دكتور-خالد-ح/refaaeenet.html]
[localhost/drch/2018/04/18/5356-عيادة-الرحمة-عقم-الرجال-دكتور-خالد-ح/refaaee.html]
[localhost/drch/2018/04/18/5356-عيادة-الرحمة-عقم-الرجال-دكتور-خالد-ح/123academy.html]
[localhost/drch/indexa8b8.html]
[localhost/drch/2018/04/26/د-عليوة-فى-سطور/refaaeenet.html]
[localhost/drch/2018/04/26/د-عليوة-فى-سطور/refaaee.html]
[localhost/drch/2018/04/26/د-عليوة-فى-سطور/123academy.html]
[localhost/drch/author/moderator/page/2/index.html]
[localhost/drch/author/moderator/page/3/index.html]
[localhost/drch/author/moderator/page/4/index.html]
[localhost/drch/author/moderator/refaaeenet.html]
[localhost/drch/author/moderator/refaaee.html]
[localhost/drch/author/moderator/123academy.html]
[localhost/drch/index49a5.html]
[localhost/drch/category/التعليم-الطبي/feed/index.html]
[localhost/drch/category/التعليم-الطبي/index.html]
[localhost/drch/category/روابط-عامة/feed/index.html]
[localhost/drch/category/روابط-عامة/index.html]
[localhost/drch/category/مؤتمرات-طبية/feed/index.html]
[localhost/drch/category/مؤتمرات-طبية/index.html]
[localhost/drch/category/منتديات-الأطباء-والمتخصصين/feed/index.html]
[localhost/drch/category/منتديات-الأطباء-والمتخصصين/index.html]
[localhost/drch/2018/04/18/لمّ-بأيدي-المحيط-الخارجية-كل-تشكيل-ضمن-4/refaaeenet.html]
[localhost/drch/2018/04/18/لمّ-بأيدي-المحيط-الخارجية-كل-تشكيل-ضمن-4/refaaee.html]
[localhost/drch/2018/04/18/لمّ-بأيدي-المحيط-الخارجية-كل-تشكيل-ضمن-4/123academy.html]
[localhost/drch/indexe839.html]
[localhost/drch/2018/04/18/ل-جُل-جنوب-تسمّى-مدينة-ومضى-عُقر-التار-4/refaaeenet.html]
[localhost/drch/2018/04/18/ل-جُل-جنوب-تسمّى-مدينة-ومضى-عُقر-التار-4/refaaee.html]
[localhost/drch/2018/04/18/ل-جُل-جنوب-تسمّى-مدينة-ومضى-عُقر-التار-4/123academy.html]
[localhost/drch/index04cd.html]
[localhost/drch/2018/04/18/للصين-الآخر-لم-حتى-ذات-وفرنسا-انتصارهم-4/refaaeenet.html]
[localhost/drch/2018/04/18/للصين-الآخر-لم-حتى-ذات-وفرنسا-انتصارهم-4/refaaee.html]
[localhost/drch/2018/04/18/للصين-الآخر-لم-حتى-ذات-وفرنسا-انتصارهم-4/123academy.html]
[localhost/drch/indexb135.html]
[localhost/drch/2018/04/18/من-كلّ-أمام-بالجانب-به،-أساسي-الفرنسية-4/refaaeenet.html]
[localhost/drch/2018/04/18/من-كلّ-أمام-بالجانب-به،-أساسي-الفرنسية-4/refaaee.html]
[localhost/drch/2018/04/18/من-كلّ-أمام-بالجانب-به،-أساسي-الفرنسية-4/123academy.html]
[localhost/drch/index7896.html]
[localhost/drch/2018/04/18/الطريق-والمانيا-حول-إذ-أسيا-بشرية-غير-4/refaaeenet.html]
[localhost/drch/2018/04/18/الطريق-والمانيا-حول-إذ-أسيا-بشرية-غير-4/refaaee.html]
[localhost/drch/2018/04/18/الطريق-والمانيا-حول-إذ-أسيا-بشرية-غير-4/123academy.html]
[localhost/drch/index970c.html]
[localhost/drch/خريطة-الموقع/refaaeenet.html]
[localhost/drch/خريطة-الموقع/refaaee.html]
[localhost/drch/خريطة-الموقع/123academy.html]
[localhost/drch/category/الأهداف/refaaeenet.html]
[localhost/drch/category/الأهداف/refaaee.html]
[localhost/drch/category/الأهداف/123academy.html]
[localhost/drch/category/المبادىء-والضوابط/refaaeenet.html]
[localhost/drch/category/المبادىء-والضوابط/refaaee.html]
[localhost/drch/category/المبادىء-والضوابط/123academy.html]
[localhost/drch/category/شروط-الإستخدام/refaaeenet.html]
[localhost/drch/category/شروط-الإستخدام/refaaee.html]
[localhost/drch/category/شروط-الإستخدام/123academy.html]
[localhost/drch/category/الخصوصية/refaaeenet.html]
[localhost/drch/category/الخصوصية/refaaee.html]
[localhost/drch/category/الخصوصية/123academy.html]
[localhost/drch/category/إنضم-لفريق-العمل/refaaeenet.html]
[localhost/drch/category/إنضم-لفريق-العمل/refaaee.html]
[localhost/drch/category/إنضم-لفريق-العمل/123academy.html]
[localhost/drch/category/خدمات-عيادة-د-خالد-عليوة/العناوين-خريطة-المكان/refaaeenet.html]
[localhost/drch/category/خدمات-عيادة-د-خالد-عليوة/العناوين-خريطة-المكان/refaaee.html]
[localhost/drch/category/خدمات-عيادة-د-خالد-عليوة/العناوين-خريطة-المكان/123academy.html]
[localhost/drch/category/خدمات-عيادة-د-خالد-عليوة/مواعيد-العمل/refaaeenet.html]
[localhost/drch/category/خدمات-عيادة-د-خالد-عليوة/مواعيد-العمل/refaaee.html]
[localhost/drch/category/خدمات-عيادة-د-خالد-عليوة/مواعيد-العمل/123academy.html]
[localhost/drch/category/دورات-طبية/refaaeenet.html]
[localhost/drch/category/دورات-طبية/refaaee.html]
[localhost/drch/category/دورات-طبية/123academy.html]
[localhost/drch/category/دورات-طبية/دورات-خاصة-للمرضى/refaaeenet.html]
[localhost/drch/category/دورات-طبية/دورات-خاصة-للمرضى/refaaee.html]
[localhost/drch/category/دورات-طبية/دورات-خاصة-للمرضى/123academy.html]
[localhost/drch/category/دورات-طبية/دورات-للأصحاء/refaaeenet.html]
[localhost/drch/category/دورات-طبية/دورات-للأصحاء/refaaee.html]
[localhost/drch/category/دورات-طبية/دورات-للأصحاء/123academy.html]
[localhost/drch/category/دورات-طبية/دورات-الزواج/refaaeenet.html]
[localhost/drch/category/دورات-طبية/دورات-الزواج/refaaee.html]
[localhost/drch/category/دورات-طبية/دورات-الزواج/123academy.html]
[localhost/drch/category/دورات-طبية/دورات-اونلاين/refaaeenet.html]
[localhost/drch/category/دورات-طبية/دورات-اونلاين/refaaee.html]
[localhost/drch/category/دورات-طبية/دورات-اونلاين/123academy.html]
[localhost/drch/category/إستشارات-وفحوصات-الزواج/refaaeenet.html]
[localhost/drch/category/إستشارات-وفحوصات-الزواج/refaaee.html]
[localhost/drch/category/إستشارات-وفحوصات-الزواج/123academy.html]
[localhost/drch/category/إستشارات-وفحوصات-الزواج/إستشير-د-عليوة-مباشرة/refaaeenet.html]
[localhost/drch/category/إستشارات-وفحوصات-الزواج/إستشير-د-عليوة-مباشرة/refaaee.html]
[localhost/drch/category/إستشارات-وفحوصات-الزواج/إستشير-د-عليوة-مباشرة/123academy.html]
[localhost/drch/category/إستشارات-وفحوصات-الزواج/إستشارت-مدفوعة-عبر-الهاتف-أو-سكايب/refaaeenet.html]
[localhost/drch/category/إستشارات-وفحوصات-الزواج/إستشارت-مدفوعة-عبر-الهاتف-أو-سكايب/refaaee.html]
[localhost/drch/category/إستشارات-وفحوصات-الزواج/إستشارت-مدفوعة-عبر-الهاتف-أو-سكايب/123academy.html]
[localhost/drch/category/إستشارات-مجانية/refaaeenet.html]
[localhost/drch/category/إستشارات-مجانية/refaaee.html]
[localhost/drch/category/إستشارات-مجانية/123academy.html]
[localhost/drch/category/الدورات-العلمية-والطبية/refaaeenet.html]
[localhost/drch/category/الدورات-العلمية-والطبية/refaaee.html]
[localhost/drch/category/الدورات-العلمية-والطبية/123academy.html]
[localhost/drch/category/صحح-مفاهيمك/refaaeenet.html]
[localhost/drch/category/صحح-مفاهيمك/refaaee.html]
[localhost/drch/category/صحح-مفاهيمك/123academy.html]
[localhost/drch/category/التربية-والثقافة-الزوجية/refaaeenet.html]
[localhost/drch/category/التربية-والثقافة-الزوجية/refaaee.html]
[localhost/drch/category/التربية-والثقافة-الزوجية/123academy.html]
[localhost/drch/category/فحوصات-الزواج/refaaeenet.html]
[localhost/drch/category/فحوصات-الزواج/refaaee.html]
[localhost/drch/category/فحوصات-الزواج/123academy.html]
[localhost/drch/category/اللياقات-العشر/refaaeenet.html]
[localhost/drch/category/اللياقات-العشر/refaaee.html]
[localhost/drch/category/اللياقات-العشر/123academy.html]
[localhost/drch/category/اللياقات-العشر/اللياقة-الجسدية/refaaeenet.html]
[localhost/drch/category/اللياقات-العشر/اللياقة-الجسدية/refaaee.html]
[localhost/drch/category/اللياقات-العشر/اللياقة-الجسدية/123academy.html]
[localhost/drch/category/اللياقات-العشر/اللياقة-العقلية/refaaeenet.html]
[localhost/drch/category/اللياقات-العشر/اللياقة-العقلية/refaaee.html]
[localhost/drch/category/اللياقات-العشر/اللياقة-العقلية/123academy.html]
[localhost/drch/category/اللياقات-العشر/اللياقة-النفسية/refaaeenet.html]
[localhost/drch/category/اللياقات-العشر/اللياقة-النفسية/refaaee.html]
[localhost/drch/category/اللياقات-العشر/اللياقة-النفسية/123academy.html]
[localhost/drch/category/اللياقات-العشر/اللياقة-الروحية/refaaeenet.html]
[localhost/drch/category/اللياقات-العشر/اللياقة-الروحية/refaaee.html]
[localhost/drch/category/اللياقات-العشر/اللياقة-الروحية/123academy.html]
[localhost/drch/category/اللياقات-العشر/اللياقة-الأسرية/refaaeenet.html]
[localhost/drch/category/اللياقات-العشر/اللياقة-الأسرية/refaaee.html]
[localhost/drch/category/اللياقات-العشر/اللياقة-الأسرية/123academy.html]
[localhost/drch/category/اللياقات-العشر/اللياقة-الإجتماعية/refaaeenet.html]
[localhost/drch/category/اللياقات-العشر/اللياقة-الإجتماعية/refaaee.html]
[localhost/drch/category/اللياقات-العشر/اللياقة-الإجتماعية/123academy.html]
[localhost/drch/category/اللياقات-العشر/اللياقة-الإقتصادية/refaaeenet.html]
[localhost/drch/category/اللياقات-العشر/اللياقة-الإقتصادية/refaaee.html]
[localhost/drch/category/اللياقات-العشر/اللياقة-الإقتصادية/123academy.html]
[localhost/drch/category/اللياقات-العشر/اللياقة-السياسية/refaaeenet.html]
[localhost/drch/category/اللياقات-العشر/اللياقة-السياسية/refaaee.html]
[localhost/drch/category/اللياقات-العشر/اللياقة-السياسية/123academy.html]
[localhost/drch/category/اللياقات-العشر/اللياقة-الزوجية/refaaeenet.html]
[localhost/drch/category/اللياقات-العشر/اللياقة-الزوجية/refaaee.html]
[localhost/drch/category/اللياقات-العشر/اللياقة-الزوجية/123academy.html]
[localhost/drch/category/اللياقات-العشر/اللياقة-الجنسية/refaaeenet.html]
[localhost/drch/category/اللياقات-العشر/اللياقة-الجنسية/refaaee.html]
[localhost/drch/category/اللياقات-العشر/اللياقة-الجنسية/123academy.html]
[localhost/drch/category/الزواج-الناجح/refaaeenet.html]
[localhost/drch/category/الزواج-الناجح/refaaee.html]
[localhost/drch/category/الزواج-الناجح/123academy.html]
[localhost/drch/category/مراكز-دار-المشورة-الزوجية/refaaeenet.html]
[localhost/drch/category/مراكز-دار-المشورة-الزوجية/refaaee.html]
[localhost/drch/category/مراكز-دار-المشورة-الزوجية/123academy.html]
[localhost/drch/category/مراكز-دار-المشورة-الزوجية/مستشارك-الطبي/refaaeenet.html]
[localhost/drch/category/مراكز-دار-المشورة-الزوجية/مستشارك-الطبي/refaaee.html]
[localhost/drch/category/مراكز-دار-المشورة-الزوجية/مستشارك-الطبي/123academy.html]
[localhost/drch/category/مراكز-دار-المشورة-الزوجية/مستشارك-الشرعى/refaaeenet.html]
[localhost/drch/category/مراكز-دار-المشورة-الزوجية/مستشارك-الشرعى/refaaee.html]
[localhost/drch/category/مراكز-دار-المشورة-الزوجية/مستشارك-الشرعى/123academy.html]
[localhost/drch/category/مراكز-دار-المشورة-الزوجية/مستشارك-النفسي/refaaeenet.html]
[localhost/drch/category/مراكز-دار-المشورة-الزوجية/مستشارك-النفسي/refaaee.html]
[localhost/drch/category/مراكز-دار-المشورة-الزوجية/مستشارك-النفسي/123academy.html]
[localhost/drch/category/مراكز-دار-المشورة-الزوجية/مستشارك-القانونى/refaaeenet.html]
[localhost/drch/category/مراكز-دار-المشورة-الزوجية/مستشارك-القانونى/refaaee.html]
[localhost/drch/category/مراكز-دار-المشورة-الزوجية/مستشارك-القانونى/123academy.html]
[localhost/drch/category/للأطباء-والصيادلة/refaaeenet.html]
[localhost/drch/category/للأطباء-والصيادلة/refaaee.html]
[localhost/drch/category/للأطباء-والصيادلة/123academy.html]
[localhost/drch/category/مقالات-طبية-وشرعية-أسبوعي/refaaeenet.html]
[localhost/drch/category/مقالات-طبية-وشرعية-أسبوعي/refaaee.html]
[localhost/drch/category/مقالات-طبية-وشرعية-أسبوعي/123academy.html]
[localhost/drch/category/مواقع-هامة/refaaeenet.html]
[localhost/drch/category/مواقع-هامة/refaaee.html]
[localhost/drch/category/مواقع-هامة/123academy.html]
[localhost/drch/category/وظائف/refaaeenet.html]
[localhost/drch/category/وظائف/refaaee.html]
[localhost/drch/category/وظائف/123academy.html]
[localhost/drch/category/منظومة-د-عليوة-للوقاية/refaaeenet.html]
[localhost/drch/category/منظومة-د-عليوة-للوقاية/refaaee.html]
[localhost/drch/category/منظومة-د-عليوة-للوقاية/123academy.html]
[localhost/drch/category/حصون-الوقاية/refaaeenet.html]
[localhost/drch/category/حصون-الوقاية/refaaee.html]
[localhost/drch/category/حصون-الوقاية/123academy.html]
[localhost/drch/category/حصون-الوقاية/علم-الجنس-الوقائى/refaaeenet.html]
[localhost/drch/category/حصون-الوقاية/علم-الجنس-الوقائى/refaaee.html]
[localhost/drch/category/حصون-الوقاية/علم-الجنس-الوقائى/123academy.html]
[localhost/drch/category/حصون-الوقاية/البيئة-والصحة-التناسلية/refaaeenet.html]
[localhost/drch/category/حصون-الوقاية/البيئة-والصحة-التناسلية/refaaee.html]
[localhost/drch/category/حصون-الوقاية/البيئة-والصحة-التناسلية/123academy.html]
[localhost/drch/category/حصون-الوقاية/مأساة-خارج-الحصن/refaaeenet.html]
[localhost/drch/category/حصون-الوقاية/مأساة-خارج-الحصن/refaaee.html]
[localhost/drch/category/حصون-الوقاية/مأساة-خارج-الحصن/123academy.html]
[localhost/drch/category/حصون-الوقاية/مشروع-الرعاية-الوقائية/refaaeenet.html]
[localhost/drch/category/حصون-الوقاية/مشروع-الرعاية-الوقائية/refaaee.html]
[localhost/drch/category/حصون-الوقاية/مشروع-الرعاية-الوقائية/123academy.html]
[localhost/drch/category/منظومة-د-عليوة-للعلاج/refaaeenet.html]
[localhost/drch/category/منظومة-د-عليوة-للعلاج/refaaee.html]
[localhost/drch/category/منظومة-د-عليوة-للعلاج/123academy.html]
[localhost/drch/category/منظومة-د-عليوة-للعلاج/العلاج-الدوائى/refaaeenet.html]
[localhost/drch/category/منظومة-د-عليوة-للعلاج/العلاج-الدوائى/refaaee.html]
[localhost/drch/category/منظومة-د-عليوة-للعلاج/العلاج-الدوائى/123academy.html]
[localhost/drch/category/منظومة-د-عليوة-للعلاج/العلاج-بالتعليم/refaaeenet.html]
[localhost/drch/category/منظومة-د-عليوة-للعلاج/العلاج-بالتعليم/refaaee.html]
[localhost/drch/category/منظومة-د-عليوة-للعلاج/العلاج-بالتعليم/123academy.html]
[localhost/drch/category/منظومة-د-عليوة-للعلاج/العلاج-الوقائى/refaaeenet.html]
[localhost/drch/category/منظومة-د-عليوة-للعلاج/العلاج-الوقائى/refaaee.html]
[localhost/drch/category/منظومة-د-عليوة-للعلاج/العلاج-الوقائى/123academy.html]
[localhost/drch/category/منظومة-د-عليوة-للعلاج/العلاج-السلوكى/refaaeenet.html]
[localhost/drch/category/منظومة-د-عليوة-للعلاج/العلاج-السلوكى/refaaee.html]
[localhost/drch/category/منظومة-د-عليوة-للعلاج/العلاج-السلوكى/123academy.html]
[localhost/drch/category/منظومة-د-عليوة-للعلاج/العلاج-بزيادة-الإيمان/refaaeenet.html]
[localhost/drch/category/منظومة-د-عليوة-للعلاج/العلاج-بزيادة-الإيمان/refaaee.html]
[localhost/drch/category/منظومة-د-عليوة-للعلاج/العلاج-بزيادة-الإيمان/123academy.html]
[localhost/drch/category/منظومة-د-عليوة-للعلاج/العلاج-بالدعاء-والرقية/refaaeenet.html]
[localhost/drch/category/منظومة-د-عليوة-للعلاج/العلاج-بالدعاء-والرقية/refaaee.html]
[localhost/drch/category/منظومة-د-عليوة-للعلاج/العلاج-بالدعاء-والرقية/123academy.html]
[localhost/drch/category/منظومة-د-عليوة-للعلاج/العلاج-الزوجى/refaaeenet.html]
[localhost/drch/category/منظومة-د-عليوة-للعلاج/العلاج-الزوجى/refaaee.html]
[localhost/drch/category/منظومة-د-عليوة-للعلاج/العلاج-الزوجى/123academy.html]
[localhost/drch/category/منظومة-د-عليوة-للعلاج/العلاج-الجنسي/refaaeenet.html]
[localhost/drch/category/منظومة-د-عليوة-للعلاج/العلاج-الجنسي/refaaee.html]
[localhost/drch/category/منظومة-د-عليوة-للعلاج/العلاج-الجنسي/123academy.html]
[localhost/drch/category/منظومة-د-عليوة-للعلاج/العلاج-النفسي/refaaeenet.html]
[localhost/drch/category/منظومة-د-عليوة-للعلاج/العلاج-النفسي/refaaee.html]
[localhost/drch/category/منظومة-د-عليوة-للعلاج/العلاج-النفسي/123academy.html]
[localhost/drch/category/منظومة-د-عليوة-للعلاج/العلاج-الجراحى/refaaeenet.html]
[localhost/drch/category/منظومة-د-عليوة-للعلاج/العلاج-الجراحى/refaaee.html]
[localhost/drch/category/منظومة-د-عليوة-للعلاج/العلاج-الجراحى/123academy.html]
[localhost/drch/category/جراحات-الخصية-والحبل-المنوى-والدوالى/refaaeenet.html]
[localhost/drch/category/جراحات-الخصية-والحبل-المنوى-والدوالى/refaaee.html]
[localhost/drch/category/جراحات-الخصية-والحبل-المنوى-والدوالى/123academy.html]
[localhost/drch/category/زراعة-الأجهزة-التعويضية/refaaeenet.html]
[localhost/drch/category/زراعة-الأجهزة-التعويضية/refaaee.html]
[localhost/drch/category/زراعة-الأجهزة-التعويضية/123academy.html]
[localhost/drch/category/علاج-تأخر-الحمل-وضعف-الخصوبة/refaaeenet.html]
[localhost/drch/category/علاج-تأخر-الحمل-وضعف-الخصوبة/refaaee.html]
[localhost/drch/category/علاج-تأخر-الحمل-وضعف-الخصوبة/123academy.html]
[localhost/drch/category/الإخصاب-المساعد/refaaeenet.html]
[localhost/drch/category/الإخصاب-المساعد/refaaee.html]
[localhost/drch/category/الإخصاب-المساعد/123academy.html]
[localhost/drch/category/قسم-الدعم-الروحى-منهاج-الفطرة/refaaeenet.html]
[localhost/drch/category/قسم-الدعم-الروحى-منهاج-الفطرة/refaaee.html]
[localhost/drch/category/قسم-الدعم-الروحى-منهاج-الفطرة/123academy.html]
[localhost/drch/category/جوهر-الإسلام-والأديان/refaaeenet.html]
[localhost/drch/category/جوهر-الإسلام-والأديان/refaaee.html]
[localhost/drch/category/جوهر-الإسلام-والأديان/123academy.html]
[localhost/drch/category/جوهر-الإسلام-والأديان/الإخلاص/refaaeenet.html]
[localhost/drch/category/جوهر-الإسلام-والأديان/الإخلاص/refaaee.html]
[localhost/drch/category/جوهر-الإسلام-والأديان/الإخلاص/123academy.html]
[localhost/drch/category/جوهر-الإسلام-والأديان/القلب-السليم/refaaeenet.html]
[localhost/drch/category/جوهر-الإسلام-والأديان/القلب-السليم/refaaee.html]
[localhost/drch/category/جوهر-الإسلام-والأديان/القلب-السليم/123academy.html]
[localhost/drch/category/جوهر-الإسلام-والأديان/الصلاة-الخاشعة/refaaeenet.html]
[localhost/drch/category/جوهر-الإسلام-والأديان/الصلاة-الخاشعة/refaaee.html]
[localhost/drch/category/جوهر-الإسلام-والأديان/الصلاة-الخاشعة/123academy.html]
[localhost/drch/category/جوهر-الإسلام-والأديان/حفظ-اللسان/refaaeenet.html]
[localhost/drch/category/جوهر-الإسلام-والأديان/حفظ-اللسان/refaaee.html]
[localhost/drch/category/جوهر-الإسلام-والأديان/حفظ-اللسان/123academy.html]
[localhost/drch/category/جوهر-الإسلام-والأديان/حسن-الخلق/refaaeenet.html]
[localhost/drch/category/جوهر-الإسلام-والأديان/حسن-الخلق/refaaee.html]
[localhost/drch/category/جوهر-الإسلام-والأديان/حسن-الخلق/123academy.html]
[localhost/drch/category/العلم-قبل-القول-والعمل/refaaeenet.html]
[localhost/drch/category/العلم-قبل-القول-والعمل/refaaee.html]
[localhost/drch/category/العلم-قبل-القول-والعمل/123academy.html]
[localhost/drch/category/العلم-قبل-القول-والعمل/تدبر-القرأن/refaaeenet.html]
[localhost/drch/category/العلم-قبل-القول-والعمل/تدبر-القرأن/refaaee.html]
[localhost/drch/category/العلم-قبل-القول-والعمل/تدبر-القرأن/123academy.html]
[localhost/drch/category/العلم-قبل-القول-والعمل/صحيح-السنة/refaaeenet.html]
[localhost/drch/category/العلم-قبل-القول-والعمل/صحيح-السنة/refaaee.html]
[localhost/drch/category/العلم-قبل-القول-والعمل/صحيح-السنة/123academy.html]
[localhost/drch/category/العلم-قبل-القول-والعمل/عقيدة/refaaeenet.html]
[localhost/drch/category/العلم-قبل-القول-والعمل/عقيدة/refaaee.html]
[localhost/drch/category/العلم-قبل-القول-والعمل/عقيدة/123academy.html]
[localhost/drch/category/العلم-قبل-القول-والعمل/فقه/refaaeenet.html]
[localhost/drch/category/العلم-قبل-القول-والعمل/فقه/refaaee.html]
[localhost/drch/category/العلم-قبل-القول-والعمل/فقه/123academy.html]
[localhost/drch/category/العلم-قبل-القول-والعمل/أداب-ومعاملات/refaaeenet.html]
[localhost/drch/category/العلم-قبل-القول-والعمل/أداب-ومعاملات/refaaee.html]
[localhost/drch/category/العلم-قبل-القول-والعمل/أداب-ومعاملات/123academy.html]
[localhost/drch/category/العلم-قبل-القول-والعمل/قصص-وسير/refaaeenet.html]
[localhost/drch/category/العلم-قبل-القول-والعمل/قصص-وسير/refaaee.html]
[localhost/drch/category/العلم-قبل-القول-والعمل/قصص-وسير/123academy.html]
[localhost/drch/category/العلم-قبل-القول-والعمل/إدارة-وتخطيط/refaaeenet.html]
[localhost/drch/category/العلم-قبل-القول-والعمل/إدارة-وتخطيط/refaaee.html]
[localhost/drch/category/العلم-قبل-القول-والعمل/إدارة-وتخطيط/123academy.html]
[localhost/drch/category/العلم-قبل-القول-والعمل/خمسة-x-خمسة/refaaeenet.html]
[localhost/drch/category/العلم-قبل-القول-والعمل/خمسة-x-خمسة/refaaee.html]
[localhost/drch/category/العلم-قبل-القول-والعمل/خمسة-x-خمسة/123academy.html]
[localhost/drch/category/العلم-قبل-القول-والعمل/عبقرية-العبادة/refaaeenet.html]
[localhost/drch/category/العلم-قبل-القول-والعمل/عبقرية-العبادة/refaaee.html]
[localhost/drch/category/العلم-قبل-القول-والعمل/عبقرية-العبادة/123academy.html]
[localhost/drch/category/العلم-قبل-القول-والعمل/لماذا-نحن-مسلمون-؟/refaaeenet.html]
[localhost/drch/category/العلم-قبل-القول-والعمل/لماذا-نحن-مسلمون-؟/refaaee.html]
[localhost/drch/category/العلم-قبل-القول-والعمل/لماذا-نحن-مسلمون-؟/123academy.html]
[localhost/drch/category/أناشيد/refaaeenet.html]
[localhost/drch/category/أناشيد/refaaee.html]
[localhost/drch/category/أناشيد/123academy.html]
[localhost/drch/category/إحترف-الكمبيوتر/refaaeenet.html]
[localhost/drch/category/إحترف-الكمبيوتر/refaaee.html]
[localhost/drch/category/إحترف-الكمبيوتر/123academy.html]
[localhost/drch/category/تعلم-اللغات/refaaeenet.html]
[localhost/drch/category/تعلم-اللغات/refaaee.html]
[localhost/drch/category/تعلم-اللغات/123academy.html]
[pinterest.com/pin/create/button/index232d.html]
[pinterest.com/pin/create/button/indexe39f.html]
[pinterest.com/pin/create/button/index50a3.html]
[pinterest.com/pin/create/button/index719c.html]
[pinterest.com/pin/create/button/indexef8c.html]
[pinterest.com/pin/create/button/index8c6c.html]
[localhost/drch/index6ffe.html]
[localhost/drch/2018/04/18/لمّ-بأيدي-المحيط-الخارجية-كل-تشكيل-ضمن-3/refaaeenet.html]
[localhost/drch/2018/04/18/لمّ-بأيدي-المحيط-الخارجية-كل-تشكيل-ضمن-3/refaaee.html]
[localhost/drch/2018/04/18/لمّ-بأيدي-المحيط-الخارجية-كل-تشكيل-ضمن-3/123academy.html]
[pinterest.com/pin/create/button/index675b.html]
[localhost/drch/indexbde5.html]
[localhost/drch/2018/04/18/ل-جُل-جنوب-تسمّى-مدينة-ومضى-عُقر-التار-3/refaaeenet.html]
[localhost/drch/2018/04/18/ل-جُل-جنوب-تسمّى-مدينة-ومضى-عُقر-التار-3/refaaee.html]
[localhost/drch/2018/04/18/ل-جُل-جنوب-تسمّى-مدينة-ومضى-عُقر-التار-3/123academy.html]
[pinterest.com/pin/create/button/indexebd4.html]
[localhost/drch/index44d0.html]
[localhost/drch/2018/04/18/للصين-الآخر-لم-حتى-ذات-وفرنسا-انتصارهم-3/refaaeenet.html]
[localhost/drch/2018/04/18/للصين-الآخر-لم-حتى-ذات-وفرنسا-انتصارهم-3/refaaee.html]
[localhost/drch/2018/04/18/للصين-الآخر-لم-حتى-ذات-وفرنسا-انتصارهم-3/123academy.html]
[pinterest.com/pin/create/button/index9f32.html]
[localhost/drch/index287b.html]
[localhost/drch/2018/04/18/من-كلّ-أمام-بالجانب-به،-أساسي-الفرنسية-3/refaaeenet.html]
[localhost/drch/2018/04/18/من-كلّ-أمام-بالجانب-به،-أساسي-الفرنسية-3/refaaee.html]
[localhost/drch/2018/04/18/من-كلّ-أمام-بالجانب-به،-أساسي-الفرنسية-3/123academy.html]
[pinterest.com/pin/create/button/index5d4f.html]
[localhost/drch/2018/04/18/لمّ-بأيدي-المحيط-الخارجية-كل-تشكيل-ضمن-2/feed/index.html]
[localhost/drch/wp-json/oembed/1.0/embed395c.json]
[localhost/drch/wp-json/oembed/1.0/embeddb13]
[localhost/drch/2018/04/18/لمّ-بأيدي-المحيط-الخارجية-كل-تشكيل-ضمن-2/index.html]
[localhost/drch/index55e4.html]
[localhost/drch/2018/04/18/الطريق-والمانيا-حول-إذ-أسيا-بشرية-غير-3/refaaeenet.html]
[localhost/drch/2018/04/18/الطريق-والمانيا-حول-إذ-أسيا-بشرية-غير-3/refaaee.html]
[localhost/drch/2018/04/18/الطريق-والمانيا-حول-إذ-أسيا-بشرية-غير-3/123academy.html]
[pinterest.com/pin/create/button/index6166.html]
[pinterest.com/pin/create/button/index1fcb.html]
[localhost/drch/wp-json/oembed/1.0/embed3e91.json]
[localhost/drch/2018/04/18/ل-جُل-جنوب-تسمّى-مدينة-ومضى-عُقر-التار-2/feed/index.html]
[localhost/drch/wp-json/oembed/1.0/embede074]
[localhost/drch/2018/04/18/ل-جُل-جنوب-تسمّى-مدينة-ومضى-عُقر-التار-2/index.html]
[pinterest.com/pin/create/button/indexfa5f.html]
[localhost/drch/2018/04/18/للصين-الآخر-لم-حتى-ذات-وفرنسا-انتصارهم-2/feed/index.html]
[localhost/drch/wp-json/oembed/1.0/embedac7f.json]
[localhost/drch/wp-json/oembed/1.0/embed84f7]
[localhost/drch/2018/04/18/للصين-الآخر-لم-حتى-ذات-وفرنسا-انتصارهم-2/index.html]
[pinterest.com/pin/create/button/indexd0ac.html]
[localhost/drch/2018/04/18/من-كلّ-أمام-بالجانب-به،-أساسي-الفرنسية-2/feed/index.html]
[localhost/drch/wp-json/oembed/1.0/embede2bc.json]
[localhost/drch/wp-json/oembed/1.0/embed7826]
[localhost/drch/2018/04/18/من-كلّ-أمام-بالجانب-به،-أساسي-الفرنسية-2/index.html]
[pinterest.com/pin/create/button/index0f82.html]
[localhost/drch/2018/04/18/الطريق-والمانيا-حول-إذ-أسيا-بشرية-غير-2/feed/index.html]
[localhost/drch/wp-json/oembed/1.0/embedf016.json]
[localhost/drch/wp-json/oembed/1.0/embed2b46]
[localhost/drch/2018/04/18/الطريق-والمانيا-حول-إذ-أسيا-بشرية-غير-2/index.html]
[pinterest.com/pin/create/button/index8f32.html]
[localhost/drch/2018/04/18/لمّ-بأيدي-المحيط-الخارجية-كل-تشكيل-ضمن/feed/index.html]
[localhost/drch/wp-json/oembed/1.0/embed9945.json]
[localhost/drch/wp-json/oembed/1.0/embedc312]
[localhost/drch/2018/04/18/لمّ-بأيدي-المحيط-الخارجية-كل-تشكيل-ضمن/index.html]
[pinterest.com/pin/create/button/index3cb1.html]
[localhost/drch/2018/04/18/ل-جُل-جنوب-تسمّى-مدينة-ومضى-عُقر-التاري/feed/index.html]
[localhost/drch/wp-json/oembed/1.0/embed02ba.json]
[localhost/drch/wp-json/oembed/1.0/embedd244]
[localhost/drch/2018/04/18/ل-جُل-جنوب-تسمّى-مدينة-ومضى-عُقر-التاري/index.html]
[pinterest.com/pin/create/button/index22a6.html]
[localhost/drch/2018/04/18/للصين-الآخر-لم-حتى-ذات-وفرنسا-انتصارهم/feed/index.html]
[localhost/drch/wp-json/oembed/1.0/embed3aa3.json]
[localhost/drch/wp-json/oembed/1.0/embedde02]
[localhost/drch/2018/04/18/للصين-الآخر-لم-حتى-ذات-وفرنسا-انتصارهم/index.html]
[pinterest.com/pin/create/button/index7d71.html]
[localhost/drch/2018/04/18/من-كلّ-أمام-بالجانب-به،-أساسي-الفرنسية/feed/index.html]
[localhost/drch/wp-json/oembed/1.0/embedb740.json]
[localhost/drch/wp-json/oembed/1.0/embed0da6]
[localhost/drch/2018/04/18/من-كلّ-أمام-بالجانب-به،-أساسي-الفرنسية/index.html]
[pinterest.com/pin/create/button/indexa932.html]
[localhost/drch/2018/04/18/الطريق-والمانيا-حول-إذ-أسيا-بشرية-غير-ع/feed/index.html]
[localhost/drch/wp-json/oembed/1.0/embed99f6.json]
[localhost/drch/wp-json/oembed/1.0/embed24fc]
[localhost/drch/2018/04/18/الطريق-والمانيا-حول-إذ-أسيا-بشرية-غير-ع/index.html]
[pinterest.com/pin/create/button/index0ced.html]
[localhost/drch/category/خدمات-عيادة-د-خالد-عليوة/page/2/refaaeenet.html]
[localhost/drch/category/خدمات-عيادة-د-خالد-عليوة/page/2/refaaee.html]
[localhost/drch/category/خدمات-عيادة-د-خالد-عليوة/page/2/123academy.html]
[localhost/drch/category/ضعف-خصوبة-الرجال/page/2/refaaeenet.html]
[localhost/drch/category/ضعف-خصوبة-الرجال/page/2/refaaee.html]
[localhost/drch/category/ضعف-خصوبة-الرجال/page/2/123academy.html]
[localhost/drch/category/الجراحات-التناسلية/page/2/refaaeenet.html]
[localhost/drch/category/الجراحات-التناسلية/page/2/refaaee.html]
[localhost/drch/category/الجراحات-التناسلية/page/2/123academy.html]
[localhost/drch/category/منظومة-د-عليوة-للطب-الجنسي-والصحة-التن/page/2/refaaeenet.html]
[localhost/drch/category/منظومة-د-عليوة-للطب-الجنسي-والصحة-التن/page/2/refaaee.html]
[localhost/drch/category/منظومة-د-عليوة-للطب-الجنسي-والصحة-التن/page/2/123academy.html]
[localhost/drch/category/الصحة-والثقافة-الزوجية/page/2/refaaeenet.html]
[localhost/drch/category/الصحة-والثقافة-الزوجية/page/2/refaaee.html]
[localhost/drch/category/الصحة-والثقافة-الزوجية/page/2/123academy.html]
[localhost/drch/category/الدعم-النفسي-والروحى/page/2/refaaeenet.html]
[localhost/drch/category/الدعم-النفسي-والروحى/page/2/refaaee.html]
[localhost/drch/category/الدعم-النفسي-والروحى/page/2/123academy.html]
[localhost/drch/category/شارك-فى-البحث-العلمى/page/2/refaaeenet.html]
[localhost/drch/category/شارك-فى-البحث-العلمى/page/2/refaaee.html]
[localhost/drch/category/شارك-فى-البحث-العلمى/page/2/123academy.html]
[pinterest.com/pin/create/button/indexf794.html]
[pinterest.com/pin/create/button/indexd618.html]
[pinterest.com/pin/create/button/indexdb7e.html]
[pinterest.com/pin/create/button/indexea76.html]
[pinterest.com/pin/create/button/index1aee.html]
[pinterest.com/pin/create/button/indexe9bc.html]
[pinterest.com/pin/create/button/index1d8b.html]
[localhost/drch/category/متجر-الكتب-والاسطوانات/page/2/refaaeenet.html]
[localhost/drch/category/متجر-الكتب-والاسطوانات/page/2/refaaee.html]
[localhost/drch/category/متجر-الكتب-والاسطوانات/page/2/123academy.html]
[localhost/drch/category/دورات-ومحاضرات-طبية/page/2/refaaeenet.html]
[localhost/drch/category/دورات-ومحاضرات-طبية/page/2/refaaee.html]
[localhost/drch/category/دورات-ومحاضرات-طبية/page/2/123academy.html]
[localhost/drch/category/دورات-عبر-الإنترنت/page/2/refaaeenet.html]
[localhost/drch/category/دورات-عبر-الإنترنت/page/2/refaaee.html]
[localhost/drch/category/دورات-عبر-الإنترنت/page/2/123academy.html]
[pinterest.com/pin/create/button/indexb3c0.html]
[pinterest.com/pin/create/button/index3794.html]
[pinterest.com/pin/create/button/index03cf.html]
[localhost/drch/category/كلمات/refaaeenet.html]
[localhost/drch/category/كلمات/refaaee.html]
[localhost/drch/category/كلمات/123academy.html]
[localhost/drch/author/moderator/page/2/refaaeenet.html]
[localhost/drch/author/moderator/page/2/refaaee.html]
[localhost/drch/author/moderator/page/2/123academy.html]
[localhost/drch/author/moderator/page/3/refaaeenet.html]
[localhost/drch/author/moderator/page/3/refaaee.html]
[localhost/drch/author/moderator/page/3/123academy.html]
[localhost/drch/author/moderator/page/4/refaaeenet.html]
[localhost/drch/author/moderator/page/4/refaaee.html]
[localhost/drch/author/moderator/page/4/123academy.html]
[localhost/drch/category/التعليم-الطبي/page/2/index.html]
[localhost/drch/category/التعليم-الطبي/refaaeenet.html]
[localhost/drch/category/التعليم-الطبي/refaaee.html]
[localhost/drch/category/التعليم-الطبي/123academy.html]
[localhost/drch/category/روابط-عامة/page/2/index.html]
[localhost/drch/category/روابط-عامة/refaaeenet.html]
[localhost/drch/category/روابط-عامة/refaaee.html]
[localhost/drch/category/روابط-عامة/123academy.html]
[localhost/drch/category/مؤتمرات-طبية/page/2/index.html]
[localhost/drch/category/مؤتمرات-طبية/refaaeenet.html]
[localhost/drch/category/مؤتمرات-طبية/refaaee.html]
[localhost/drch/category/مؤتمرات-طبية/123academy.html]
[localhost/drch/category/منتديات-الأطباء-والمتخصصين/page/2/index.html]
[localhost/drch/category/منتديات-الأطباء-والمتخصصين/refaaeenet.html]
[localhost/drch/category/منتديات-الأطباء-والمتخصصين/refaaee.html]
[localhost/drch/category/منتديات-الأطباء-والمتخصصين/123academy.html]
[localhost/drch/index8cd4.html]
[localhost/drch/2018/04/18/لمّ-بأيدي-المحيط-الخارجية-كل-تشكيل-ضمن-2/refaaeenet.html]
[localhost/drch/2018/04/18/لمّ-بأيدي-المحيط-الخارجية-كل-تشكيل-ضمن-2/refaaee.html]
[localhost/drch/2018/04/18/لمّ-بأيدي-المحيط-الخارجية-كل-تشكيل-ضمن-2/123academy.html]
[pinterest.com/pin/create/button/index3a8f.html]
[localhost/drch/index7665.html]
[localhost/drch/2018/04/18/ل-جُل-جنوب-تسمّى-مدينة-ومضى-عُقر-التار-2/refaaeenet.html]
[localhost/drch/2018/04/18/ل-جُل-جنوب-تسمّى-مدينة-ومضى-عُقر-التار-2/refaaee.html]
[localhost/drch/2018/04/18/ل-جُل-جنوب-تسمّى-مدينة-ومضى-عُقر-التار-2/123academy.html]
[pinterest.com/pin/create/button/indexf11c.html]
[localhost/drch/index4f61.html]
[localhost/drch/2018/04/18/للصين-الآخر-لم-حتى-ذات-وفرنسا-انتصارهم-2/refaaeenet.html]
[localhost/drch/2018/04/18/للصين-الآخر-لم-حتى-ذات-وفرنسا-انتصارهم-2/refaaee.html]
[localhost/drch/2018/04/18/للصين-الآخر-لم-حتى-ذات-وفرنسا-انتصارهم-2/123academy.html]
[pinterest.com/pin/create/button/index3dc0.html]
[localhost/drch/index96f1.html]
[localhost/drch/2018/04/18/من-كلّ-أمام-بالجانب-به،-أساسي-الفرنسية-2/refaaeenet.html]
[localhost/drch/2018/04/18/من-كلّ-أمام-بالجانب-به،-أساسي-الفرنسية-2/refaaee.html]
[localhost/drch/2018/04/18/من-كلّ-أمام-بالجانب-به،-أساسي-الفرنسية-2/123academy.html]
[pinterest.com/pin/create/button/index034c.html]
[localhost/drch/index7ef4.html]
[localhost/drch/2018/04/18/الطريق-والمانيا-حول-إذ-أسيا-بشرية-غير-2/refaaeenet.html]
[localhost/drch/2018/04/18/الطريق-والمانيا-حول-إذ-أسيا-بشرية-غير-2/refaaee.html]
[localhost/drch/2018/04/18/الطريق-والمانيا-حول-إذ-أسيا-بشرية-غير-2/123academy.html]
[pinterest.com/pin/create/button/index32b7.html]
[localhost/drch/index5c36.html]
[localhost/drch/2018/04/18/لمّ-بأيدي-المحيط-الخارجية-كل-تشكيل-ضمن/refaaeenet.html]
[localhost/drch/2018/04/18/لمّ-بأيدي-المحيط-الخارجية-كل-تشكيل-ضمن/refaaee.html]
[localhost/drch/2018/04/18/لمّ-بأيدي-المحيط-الخارجية-كل-تشكيل-ضمن/123academy.html]
[pinterest.com/pin/create/button/index1d3b.html]
[localhost/drch/index0721.html]
[localhost/drch/2018/04/18/ل-جُل-جنوب-تسمّى-مدينة-ومضى-عُقر-التاري/refaaeenet.html]
[localhost/drch/2018/04/18/ل-جُل-جنوب-تسمّى-مدينة-ومضى-عُقر-التاري/refaaee.html]
[localhost/drch/2018/04/18/ل-جُل-جنوب-تسمّى-مدينة-ومضى-عُقر-التاري/123academy.html]
[pinterest.com/pin/create/button/index4480.html]
[localhost/drch/indexe9b4.html]
[localhost/drch/2018/04/18/للصين-الآخر-لم-حتى-ذات-وفرنسا-انتصارهم/refaaeenet.html]
[localhost/drch/2018/04/18/للصين-الآخر-لم-حتى-ذات-وفرنسا-انتصارهم/refaaee.html]
[localhost/drch/2018/04/18/للصين-الآخر-لم-حتى-ذات-وفرنسا-انتصارهم/123academy.html]
[pinterest.com/pin/create/button/indexbb36.html]
[localhost/drch/index4579.html]
[localhost/drch/2018/04/18/من-كلّ-أمام-بالجانب-به،-أساسي-الفرنسية/refaaeenet.html]
[localhost/drch/2018/04/18/من-كلّ-أمام-بالجانب-به،-أساسي-الفرنسية/refaaee.html]
[localhost/drch/2018/04/18/من-كلّ-أمام-بالجانب-به،-أساسي-الفرنسية/123academy.html]
[pinterest.com/pin/create/button/indexe148.html]
[localhost/drch/index6aed.html]
[localhost/drch/2018/04/18/الطريق-والمانيا-حول-إذ-أسيا-بشرية-غير-ع/refaaeenet.html]
[localhost/drch/2018/04/18/الطريق-والمانيا-حول-إذ-أسيا-بشرية-غير-ع/refaaee.html]
[localhost/drch/2018/04/18/الطريق-والمانيا-حول-إذ-أسيا-بشرية-غير-ع/123academy.html]
[pinterest.com/pin/create/button/index9b09.html]
[pinterest.com/pin/create/button/index1764.html]
[pinterest.com/pin/create/button/index9b62.html]
[pinterest.com/pin/create/button/indexf76f.html]
[localhost/drch/category/التعليم-الطبي/page/2/refaaeenet.html]
[localhost/drch/category/التعليم-الطبي/page/2/refaaee.html]
[localhost/drch/category/التعليم-الطبي/page/2/123academy.html]
[localhost/drch/category/روابط-عامة/page/2/refaaeenet.html]
[localhost/drch/category/روابط-عامة/page/2/refaaee.html]
[localhost/drch/category/روابط-عامة/page/2/123academy.html]
[localhost/drch/category/مؤتمرات-طبية/page/2/refaaeenet.html]
[localhost/drch/category/مؤتمرات-طبية/page/2/refaaee.html]
[localhost/drch/category/مؤتمرات-طبية/page/2/123academy.html]
[localhost/drch/category/منتديات-الأطباء-والمتخصصين/page/2/refaaeenet.html]
[localhost/drch/category/منتديات-الأطباء-والمتخصصين/page/2/refaaee.html]
[localhost/drch/category/منتديات-الأطباء-والمتخصصين/page/2/123academy.html]
